24.190.188.223 - - [23/Dec/2015:13:54:30 -0500] "GET /wp-content/plugins/easy-fancybox/fancybox/jquery.fancybox-1.3.7.min.js?ver=1.5.7 HTTP/1.1" 200 15701 "http://www.lcfas.org/news/" "Mozilla/5.0 (Macintosh; Intel Mac OS X 10_10_3) AppleWebKit/537.36 (KHTML, like Gecko) Chrome/47.0.2526.106 Safari/537.36"
24.190.188.223 - - [23/Dec/2015:13:54:30 -0500] "GET /wp-content/plugins/easy-fancybox/jquery.easing.pack.js?ver=1.3 HTTP/1.1" 200 3649 "http://www.lcfas.org/news/" "Mozilla/5.0 (Macintosh; Intel Mac OS X 10_10_3) AppleWebKit/537.36 (KHTML, like Gecko) Chrome/47.0.2526.106 Safari/537.36"
24.190.188.223 - - [23/Dec/2015:13:54:30 -0500] "GET /wp-content/plugins/easy-fancybox/jquery.mousewheel.min.js?ver=3.1.12 HTTP/1.1" 200 2777 "http://www.lcfas.org/news/" "Mozilla/5.0 (Macintosh; Intel Mac OS X 10_10_3) AppleWebKit/537.36 (KHTML, like Gecko) Chrome/47.0.2526.106 Safari/537.36"
24.190.188.223 - - [23/Dec/2015:13:54:30 -0500] "GET /favicon.ico HTTP/1.1" 200 - "http://www.lcfas.org/news/" "Mozilla/5.0 (Macintosh; Intel Mac OS X 10_10_3) AppleWebKit/537.36 (KHTML, like Gecko) Chrome/47.0.2526.106 Safari/537.36"
24.190.188.223 - - [23/Dec/2015:13:54:31 -0500] "GET /wp-content/plugins/easy-fancybox/fancybox/fancybox.png HTTP/1.1" 200 15287 "http://www.lcfas.org/wp-content/plugins/easy-fancybox/fancybox/jquery.fancybox-1.3.7.min.css?ver=1.5.7" "Mozilla/5.0 (Macintosh; Intel Mac OS X 10_10_3) AppleWebKit/537.36 (KHTML, like Gecko) Chrome/47.0.2526.106 Safari/537.36"
24.190.188.223 - - [23/Dec/2015:13:54:31 -0500] "GET /wp-content/plugins/easy-fancybox/fancybox/fancy_title_over.png HTTP/1.1" 200 70 "http://www.lcfas.org/wp-content/plugins/easy-fancybox/fancybox/jquery.fancybox-1.3.7.min.css?ver=1.5.7" "Mozilla/5.0 (Macintosh; Intel Mac OS X 10_10_3) AppleWebKit/537.36 (KHTML, like Gecko) Chrome/47.0.2526.106 Safari/537.36"
24.190.188.223 - - [23/Dec/2015:13:54:31 -0500] "GET /wp-content/plugins/easy-fancybox/fancybox/fancybox-x.png HTTP/1.1" 200 203 "http://www.lcfas.org/wp-content/plugins/easy-fancybox/fancybox/jquery.fancybox-1.3.7.min.css?ver=1.5.7" "Mozilla/5.0 (Macintosh; Intel Mac OS X 10_10_3) AppleWebKit/537.36 (KHTML, like Gecko) Chrome/47.0.2526.106 Safari/537.36"
24.190.188.223 - - [23/Dec/2015:13:54:31 -0500] "GET /wp-content/plugins/easy-fancybox/fancybox/blank.gif HTTP/1.1" 200 43 "http://www.lcfas.org/wp-content/plugins/easy-fancybox/fancybox/jquery.fancybox-1.3.7.min.css?ver=1.5.7" "Mozilla/5.0 (Macintosh; Intel Mac OS X 10_10_3) AppleWebKit/537.36 (KHTML, like Gecko) Chrome/47.0.2526.106 Safari/537.36"
24.190.188.223 - - [23/Dec/2015:13:54:31 -0500] "GET /wp-content/plugins/easy-fancybox/fancybox/fancybox-y.png HTTP/1.1" 200 176 "http://www.lcfas.org/wp-content/plugins/easy-fancybox/fancybox/jquery.fancybox-1.3.7.min.css?ver=1.5.7" "Mozilla/5.0 (Macintosh; Intel Mac OS X 10_10_3) AppleWebKit/537.36 (KHTML, like Gecko) Chrome/47.0.2526.106 Safari/537.36"
24.190.188.223 - - [23/Dec/2015:13:56:09 -0500] "POST /wp-admin/admin-ajax.php HTTP/1.1" 200 47 "http://www.lcfas.org/wp-admin/theme-editor.php?file=index.php&theme=lcfas&scrollto=78" "Mozilla/5.0 (Macintosh; Intel Mac OS X 10_10_3) AppleWebKit/537.36 (KHTML, like Gecko) Chrome/47.0.2526.106 Safari/537.36"
66.249.64.120 - - [23/Dec/2015:13:56:43 -0500] "GET / HTTP/1.1" 200 13722 "-" "Mozilla/5.0 (compatible; Googlebot/2.1; +http://www.google.com/bot.html)"
143.95.44.88 - - [23/Dec/2015:13:56:48 -0500] "POST /wp-cron.php?doing_wp_cron=1450897008.1220788955688476562500 HTTP/1.1" 200 - "-" "WordPress/4.4; http://www.lcfas.org"
66.249.64.125 - - [23/Dec/2015:13:56:47 -0500] "GET /members HTTP/1.1" 301 - "-" "Mozilla/5.0 (compatible; Googlebot/2.1; +http://www.google.com/bot.html)"
66.249.64.6 - - [23/Dec/2015:13:56:49 -0500] "GET /sitemap_index.xml HTTP/1.1" 200 588 "-" "Mozilla/5.0 (compatible; Googlebot/2.1; +http://www.google.com/bot.html)"
66.249.64.120 - - [23/Dec/2015:13:56:51 -0500] "GET /members/ HTTP/1.1" 200 15789 "-" "Mozilla/5.0 (compatible; Googlebot/2.1; +http://www.google.com/bot.html)"
24.190.188.223 - - [23/Dec/2015:13:57:13 -0500] "POST /wp-admin/admin-ajax.php HTTP/1.1" 200 47 "http://www.lcfas.org/wp-admin/theme-editor.php?file=index.php&theme=lcfas&scrollto=78" "Mozilla/5.0 (Macintosh; Intel Mac OS X 10_10_3) AppleWebKit/537.36 (KHTML, like Gecko) Chrome/47.0.2526.106 Safari/537.36"
66.249.64.120 - - [23/Dec/2015:13:57:17 -0500] "GET /news/ HTTP/1.1" 200 28184 "-" "Mozilla/5.0 (compatible; Googlebot/2.1; +http://www.google.com/bot.html)"
24.190.188.223 - - [23/Dec/2015:13:59:17 -0500] "POST /wp-admin/admin-ajax.php HTTP/1.1" 200 47 "http://www.lcfas.org/wp-admin/theme-editor.php?file=index.php&theme=lcfas&scrollto=78" "Mozilla/5.0 (Macintosh; Intel Mac OS X 10_10_3) AppleWebKit/537.36 (KHTML, like Gecko) Chrome/47.0.2526.106 Safari/537.36"
24.190.188.223 - - [23/Dec/2015:14:01:20 -0500] "POST /wp-admin/admin-ajax.php HTTP/1.1" 200 47 "http://www.lcfas.org/wp-admin/theme-editor.php?file=index.php&theme=lcfas&scrollto=78" "Mozilla/5.0 (Macintosh; Intel Mac OS X 10_10_3) AppleWebKit/537.36 (KHTML, like Gecko) Chrome/47.0.2526.106 Safari/537.36"
24.190.188.223 - - [23/Dec/2015:14:03:21 -0500] "POST /wp-admin/admin-ajax.php HTTP/1.1" 200 47 "http://www.lcfas.org/wp-admin/theme-editor.php?file=index.php&theme=lcfas&scrollto=78" "Mozilla/5.0 (Macintosh; Intel Mac OS X 10_10_3) AppleWebKit/537.36 (KHTML, like Gecko) Chrome/47.0.2526.106 Safari/537.36"
157.55.39.155 - - [23/Dec/2015:14:03:46 -0500] "GET /robots.txt HTTP/1.1" 200 67 "-" "Mozilla/5.0 (compatible; bingbot/2.0; +http://www.bing.com/bingbot.htm)"
157.55.39.155 - - [23/Dec/2015:14:03:53 -0500] "GET / HTTP/1.1" 301 - "-" "Mozilla/5.0 (compatible; bingbot/2.0; +http://www.bing.com/bingbot.htm)"
23.22.131.24 - - [23/Dec/2015:14:04:15 -0500] "GET / HTTP/1.1" 200 13722 "-" "viralvideochart.unrulymedia.com vvcscanner@unrulymedia.com"
54.91.137.217 - - [23/Dec/2015:14:04:46 -0500] "GET / HTTP/1.1" 200 13722 "-" "Apache-HttpClient/4.3.5 (java 1.5)"
157.55.39.155 - - [23/Dec/2015:14:04:57 -0500] "GET /robots.txt HTTP/1.1" 200 67 "-" "Mozilla/5.0 (compatible; bingbot/2.0; +http://www.bing.com/bingbot.htm)"
107.170.107.176 - - [23/Dec/2015:14:05:04 -0500] "GET / HTTP/1.1" 200 13722 "-" "Mozilla/4.0 (compatible; MSIE 7.0; Windows NT 5.1)"
157.55.39.155 - - [23/Dec/2015:14:05:05 -0500] "GET / HTTP/1.1" 200 13722 "-" "Mozilla/5.0 (compatible; bingbot/2.0; +http://www.bing.com/bingbot.htm)"
24.190.188.223 - - [23/Dec/2015:14:05:37 -0500] "POST /wp-admin/admin-ajax.php HTTP/1.1" 200 47 "http://www.lcfas.org/wp-admin/theme-editor.php?file=index.php&theme=lcfas&scrollto=78" "Mozilla/5.0 (Macintosh; Intel Mac OS X 10_10_3) AppleWebKit/537.36 (KHTML, like Gecko) Chrome/47.0.2526.106 Safari/537.36"
104.131.254.79 - - [23/Dec/2015:14:07:17 -0500] "GET / HTTP/1.1" 200 13722 "-" "Mozilla/4.0 (compatible; MSIE 7.0; Windows NT 5.1)"
89.34.167.237 - - [23/Dec/2015:14:07:20 -0500] "GET / HTTP/1.1" 200 13722 "http://www.lcfas.org/" "Mozilla/5.0 (Windows NT 6.3; WOW64) AppleWebKit/537.36 (KHTML, like Gecko) Chrome/39.0.2171.71 Safari/537.36"
89.34.167.237 - - [23/Dec/2015:14:07:21 -0500] "POST /xmlrpc.php HTTP/1.0" 200 370 "http://www.lcfas.org/" "PHP/5.3.95"
66.249.64.6 - - [23/Dec/2015:14:16:34 -0500] "GET /wp-includes/js/wp-emoji-release.min.js?ver=4.3 HTTP/1.1" 200 17257 "-" "Mozilla/5.0 (compatible; Googlebot/2.1; +http://www.google.com/bot.html)"
23.254.247.56 - - [23/Dec/2015:14:16:42 -0500] "GET / HTTP/1.1" 200 13722 "http://www.lcfas.org/" "Mozilla/5.0 (Windows NT 6.1; rv:32.0) Gecko/20100101 Firefox/32.0"
23.254.247.56 - - [23/Dec/2015:14:16:43 -0500] "POST /xmlrpc.php HTTP/1.0" 200 370 "http://www.lcfas.org/" "PHP/5.3.64"
66.249.64.6 - - [23/Dec/2015:14:17:46 -0500] "GET /fall-2015-class/ HTTP/1.1" 200 14935 "-" "Mozilla/5.0 (compatible; Googlebot/2.1; +http://www.google.com/bot.html)"
70.192.66.62 - - [23/Dec/2015:14:18:57 -0500] "GET /wp-content/uploads/2014/06/familyfun-2.jpg HTTP/1.1" 200 206667 "https://www.google.com/" "Mozilla/5.0 (iPhone; CPU iPhone OS 9_2 like Mac OS X) AppleWebKit/601.1.46 (KHTML, like Gecko) Version/9.0 Mobile/13C75 Safari/601.1"
70.192.66.62 - - [23/Dec/2015:14:19:25 -0500] "GET /wp-content/uploads/2015/05/11292723_10204129127371764_887938934_n-780x300.jpg HTTP/1.1" 200 96931 "https://www.google.com/" "Mozilla/5.0 (iPhone; CPU iPhone OS 9_2 like Mac OS X) AppleWebKit/601.1.46 (KHTML, like Gecko) Version/9.0 Mobile/13C75 Safari/601.1"
66.249.64.125 - - [23/Dec/2015:14:21:33 -0500] "GET /lcfas-benefit-concert/ HTTP/1.1" 200 14398 "-" "Mozilla/5.0 (compatible; Googlebot/2.1; +http://www.google.com/bot.html)"
66.249.64.120 - - [23/Dec/2015:14:25:20 -0500] "GET /lcfas-responds-acken-rd-fire/ HTTP/1.1" 200 14670 "-" "Mozilla/5.0 (compatible; Googlebot/2.1; +http://www.google.com/bot.html)"
198.144.176.113 - - [23/Dec/2015:14:25:24 -0500] "GET / HTTP/1.1" 200 13722 "http://www.lcfas.org/" "Mozilla/5.0 (Windows NT 6.1; rv:32.0) Gecko/20100101 Firefox/32.0"
198.144.176.113 - - [23/Dec/2015:14:25:25 -0500] "POST /xmlrpc.php HTTP/1.0" 200 370 "http://www.lcfas.org/" "PHP/5.3.75"
66.249.64.6 - - [23/Dec/2015:14:29:07 -0500] "GET /lcfas-at-the-annual-memorial-day-parade/ HTTP/1.1" 200 14753 "-" "Mozilla/5.0 (compatible; Googlebot/2.1; +http://www.google.com/bot.html)"
96.56.244.244 - - [23/Dec/2015:14:37:25 -0500] "GET / HTTP/1.1" 200 13722 "https://www.bing.com/" "Mozilla/5.0 (Windows NT 10.0; Win64; x64) AppleWebKit/537.36 (KHTML, like Gecko) Chrome/46.0.2486.0 Safari/537.36 Edge/13.10586"
96.56.244.244 - - [23/Dec/2015:14:37:25 -0500] "GET /wp-content/themes/lcfas/library/css/jquery.dataTables.css?ver=1.0 HTTP/1.1" 200 15089 "http://www.lcfas.org/" "Mozilla/5.0 (Windows NT 10.0; Win64; x64) AppleWebKit/537.36 (KHTML, like Gecko) Chrome/46.0.2486.0 Safari/537.36 Edge/13.10586"
96.56.244.244 - - [23/Dec/2015:14:37:25 -0500] "GET /wp-content/themes/lcfas/library/css/bootstrap.css?ver=1.0 HTTP/1.1" 200 141976 "http://www.lcfas.org/" "Mozilla/5.0 (Windows NT 10.0; Win64; x64) AppleWebKit/537.36 (KHTML, like Gecko) Chrome/46.0.2486.0 Safari/537.36 Edge/13.10586"
96.56.244.244 - - [23/Dec/2015:14:37:25 -0500] "GET /wp-content/themes/lcfas/style.css?ver=1.0 HTTP/1.1" 200 3470 "http://www.lcfas.org/" "Mozilla/5.0 (Windows NT 10.0; Win64; x64) AppleWebKit/537.36 (KHTML, like Gecko) Chrome/46.0.2486.0 Safari/537.36 Edge/13.10586"
96.56.244.244 - - [23/Dec/2015:14:37:25 -0500] "GET /wp-content/plugins/easy-fancybox/fancybox/jquery.fancybox-1.3.7.min.css?ver=1.5.7 HTTP/1.1" 200 4654 "http://www.lcfas.org/" "Mozilla/5.0 (Windows NT 10.0; Win64; x64) AppleWebKit/537.36 (KHTML, like Gecko) Chrome/46.0.2486.0 Safari/537.36 Edge/13.10586"
96.56.244.244 - - [23/Dec/2015:14:37:25 -0500] "GET /wp-content/themes/lcfas/library/css/fullcalendar.min.css?ver=1.0 HTTP/1.1" 200 10632 "http://www.lcfas.org/" "Mozilla/5.0 (Windows NT 10.0; Win64; x64) AppleWebKit/537.36 (KHTML, like Gecko) Chrome/46.0.2486.0 Safari/537.36 Edge/13.10586"
96.56.244.244 - - [23/Dec/2015:14:37:25 -0500] "GET /wp-content/themes/lcfas/library/css/fullcalendar.print.css?ver=1.0 HTTP/1.1" 200 990 "http://www.lcfas.org/" "Mozilla/5.0 (Windows NT 10.0; Win64; x64) AppleWebKit/537.36 (KHTML, like Gecko) Chrome/46.0.2486.0 Safari/537.36 Edge/13.10586"
96.56.244.244 - - [23/Dec/2015:14:37:25 -0500] "GET /wp-includes/js/wp-emoji-release.min.js?ver=4.4 HTTP/1.1" 200 17257 "http://www.lcfas.org/" "Mozilla/5.0 (Windows NT 10.0; Win64; x64) AppleWebKit/537.36 (KHTML, like Gecko) Chrome/46.0.2486.0 Safari/537.36 Edge/13.10586"
96.56.244.244 - - [23/Dec/2015:14:37:26 -0500] "GET /wp-content/plugins/wp-members/css/generic-no-float.css?ver=2.9.9.1 HTTP/1.1" 200 5310 "http://www.lcfas.org/" "Mozilla/5.0 (Windows NT 10.0; Win64; x64) AppleWebKit/537.36 (KHTML, like Gecko) Chrome/46.0.2486.0 Safari/537.36 Edge/13.10586"
96.56.244.244 - - [23/Dec/2015:14:37:26 -0500] "GET /wp-includes/js/jquery/jquery.js?ver=1.11.3 HTTP/1.1" 200 95977 "http://www.lcfas.org/" "Mozilla/5.0 (Windows NT 10.0; Win64; x64) AppleWebKit/537.36 (KHTML, like Gecko) Chrome/46.0.2486.0 Safari/537.36 Edge/13.10586"
96.56.244.244 - - [23/Dec/2015:14:37:26 -0500] "GET /wp-includes/js/jquery/jquery-migrate.min.js?ver=1.2.1 HTTP/1.1" 200 7200 "http://www.lcfas.org/" "Mozilla/5.0 (Windows NT 10.0; Win64; x64) AppleWebKit/537.36 (KHTML, like Gecko) Chrome/46.0.2486.0 Safari/537.36 Edge/13.10586"
96.56.244.244 - - [23/Dec/2015:14:37:26 -0500] "GET /wp-content/themes/lcfas/library/js/bootstrap.min.js?ver=1.2 HTTP/1.1" 200 27726 "http://www.lcfas.org/" "Mozilla/5.0 (Windows NT 10.0; Win64; x64) AppleWebKit/537.36 (KHTML, like Gecko) Chrome/46.0.2486.0 Safari/537.36 Edge/13.10586"
96.56.244.244 - - [23/Dec/2015:14:37:26 -0500] "GET /wp-content/themes/lcfas/library/js/libs/jquery.dataTables.min.js?ver=1.10.0 HTTP/1.1" 200 75919 "http://www.lcfas.org/" "Mozilla/5.0 (Windows NT 10.0; Win64; x64) AppleWebKit/537.36 (KHTML, like Gecko) Chrome/46.0.2486.0 Safari/537.36 Edge/13.10586"
96.56.244.244 - - [23/Dec/2015:14:37:26 -0500] "GET /wp-content/themes/lcfas/library/js/moment.min.js?ver=1.2 HTTP/1.1" 200 33783 "http://www.lcfas.org/" "Mozilla/5.0 (Windows NT 10.0; Win64; x64) AppleWebKit/537.36 (KHTML, like Gecko) Chrome/46.0.2486.0 Safari/537.36 Edge/13.10586"
96.56.244.244 - - [23/Dec/2015:14:37:26 -0500] "GET /wp-content/themes/lcfas/library/js/gcal.js?ver=1.2 HTTP/1.1" 200 6247 "http://www.lcfas.org/" "Mozilla/5.0 (Windows NT 10.0; Win64; x64) AppleWebKit/537.36 (KHTML, like Gecko) Chrome/46.0.2486.0 Safari/537.36 Edge/13.10586"
96.56.244.244 - - [23/Dec/2015:14:37:26 -0500] "GET /wp-content/themes/lcfas/library/js/fullcalendar.min.js?ver=1.2 HTTP/1.1" 200 84823 "http://www.lcfas.org/" "Mozilla/5.0 (Windows NT 10.0; Win64; x64) AppleWebKit/537.36 (KHTML, like Gecko) Chrome/46.0.2486.0 Safari/537.36 Edge/13.10586"
96.56.244.244 - - [23/Dec/2015:14:37:26 -0500] "GET /wp-content/themes/lcfas/library/js/scripts.js?ver=1.2 HTTP/1.1" 200 5426 "http://www.lcfas.org/" "Mozilla/5.0 (Windows NT 10.0; Win64; x64) AppleWebKit/537.36 (KHTML, like Gecko) Chrome/46.0.2486.0 Safari/537.36 Edge/13.10586"
96.56.244.244 - - [23/Dec/2015:14:37:26 -0500] "GET /wp-content/themes/lcfas/library/js/modernizr.full.min.js?ver=1.2 HTTP/1.1" 200 16819 "http://www.lcfas.org/" "Mozilla/5.0 (Windows NT 10.0; Win64; x64) AppleWebKit/537.36 (KHTML, like Gecko) Chrome/46.0.2486.0 Safari/537.36 Edge/13.10586"
96.56.244.244 - - [23/Dec/2015:14:37:26 -0500] "GET /wp-includes/js/wp-embed.min.js?ver=4.4 HTTP/1.1" 200 1518 "http://www.lcfas.org/" "Mozilla/5.0 (Windows NT 10.0; Win64; x64) AppleWebKit/537.36 (KHTML, like Gecko) Chrome/46.0.2486.0 Safari/537.36 Edge/13.10586"
96.56.244.244 - - [23/Dec/2015:14:37:26 -0500] "GET /wp-content/plugins/easy-fancybox/fancybox/jquery.fancybox-1.3.7.min.js?ver=1.5.7 HTTP/1.1" 200 15701 "http://www.lcfas.org/" "Mozilla/5.0 (Windows NT 10.0; Win64; x64) AppleWebKit/537.36 (KHTML, like Gecko) Chrome/46.0.2486.0 Safari/537.36 Edge/13.10586"
96.56.244.244 - - [23/Dec/2015:14:37:26 -0500] "GET /wp-content/plugins/easy-fancybox/jquery.easing.pack.js?ver=1.3 HTTP/1.1" 200 3649 "http://www.lcfas.org/" "Mozilla/5.0 (Windows NT 10.0; Win64; x64) AppleWebKit/537.36 (KHTML, like Gecko) Chrome/46.0.2486.0 Safari/537.36 Edge/13.10586"
96.56.244.244 - - [23/Dec/2015:14:37:26 -0500] "GET /wp-content/plugins/easy-fancybox/jquery.mousewheel.min.js?ver=3.1.12 HTTP/1.1" 200 2777 "http://www.lcfas.org/" "Mozilla/5.0 (Windows NT 10.0; Win64; x64) AppleWebKit/537.36 (KHTML, like Gecko) Chrome/46.0.2486.0 Safari/537.36 Edge/13.10586"
96.56.244.244 - - [23/Dec/2015:14:37:26 -0500] "GET /wp-content/themes/lcfas/library/fonts/glyphicons-halflings-regular.woff HTTP/1.1" 200 18944 "http://www.lcfas.org/" "Mozilla/5.0 (Windows NT 10.0; Win64; x64) AppleWebKit/537.36 (KHTML, like Gecko) Chrome/46.0.2486.0 Safari/537.36 Edge/13.10586"
96.56.244.244 - - [23/Dec/2015:14:37:26 -0500] "GET /wp-content/plugins/easy-fancybox/fancybox/blank.gif HTTP/1.1" 200 43 "http://www.lcfas.org/" "Mozilla/5.0 (Windows NT 10.0; Win64; x64) AppleWebKit/537.36 (KHTML, like Gecko) Chrome/46.0.2486.0 Safari/537.36 Edge/13.10586"
96.56.244.244 - - [23/Dec/2015:14:37:26 -0500] "GET /wp-content/uploads/2015/05/11351429_10204128796563494_2791362150821890097_n-1.jpg HTTP/1.1" 200 132756 "http://www.lcfas.org/" "Mozilla/5.0 (Windows NT 10.0; Win64; x64) AppleWebKit/537.36 (KHTML, like Gecko) Chrome/46.0.2486.0 Safari/537.36 Edge/13.10586"
96.56.244.244 - - [23/Dec/2015:14:37:26 -0500] "GET /favicon.ico HTTP/1.1" 200 - "-" "Mozilla/5.0 (Windows NT 10.0; Win64; x64) AppleWebKit/537.36 (KHTML, like Gecko) Chrome/46.0.2486.0 Safari/537.36 Edge/13.10586"
96.56.244.244 - - [23/Dec/2015:14:37:28 -0500] "GET /wp-content/plugins/easy-fancybox/fancybox/fancybox-x.png HTTP/1.1" 200 203 "http://www.lcfas.org/" "Mozilla/5.0 (Windows NT 10.0; Win64; x64) AppleWebKit/537.36 (KHTML, like Gecko) Chrome/46.0.2486.0 Safari/537.36 Edge/13.10586"
96.56.244.244 - - [23/Dec/2015:14:37:28 -0500] "GET /wp-content/plugins/easy-fancybox/fancybox/fancybox-y.png HTTP/1.1" 200 176 "http://www.lcfas.org/" "Mozilla/5.0 (Windows NT 10.0; Win64; x64) AppleWebKit/537.36 (KHTML, like Gecko) Chrome/46.0.2486.0 Safari/537.36 Edge/13.10586"
96.56.244.244 - - [23/Dec/2015:14:37:28 -0500] "GET /wp-content/plugins/easy-fancybox/fancybox/fancybox.png HTTP/1.1" 200 15287 "http://www.lcfas.org/" "Mozilla/5.0 (Windows NT 10.0; Win64; x64) AppleWebKit/537.36 (KHTML, like Gecko) Chrome/46.0.2486.0 Safari/537.36 Edge/13.10586"
96.56.244.244 - - [23/Dec/2015:14:37:31 -0500] "GET /members HTTP/1.1" 301 - "http://www.lcfas.org/" "Mozilla/5.0 (Windows NT 10.0; Win64; x64) AppleWebKit/537.36 (KHTML, like Gecko) Chrome/46.0.2486.0 Safari/537.36 Edge/13.10586"
96.56.244.244 - - [23/Dec/2015:14:37:31 -0500] "GET /members/ HTTP/1.1" 200 15789 "http://www.lcfas.org/" "Mozilla/5.0 (Windows NT 10.0; Win64; x64) AppleWebKit/537.36 (KHTML, like Gecko) Chrome/46.0.2486.0 Safari/537.36 Edge/13.10586"
96.56.244.244 - - [23/Dec/2015:14:37:51 -0500] "POST /members/ HTTP/1.1" 302 - "http://www.lcfas.org/members/" "Mozilla/5.0 (Windows NT 10.0; Win64; x64) AppleWebKit/537.36 (KHTML, like Gecko) Chrome/46.0.2486.0 Safari/537.36 Edge/13.10586"
96.56.244.244 - - [23/Dec/2015:14:37:51 -0500] "GET /members/ HTTP/1.1" 200 28484 "http://www.lcfas.org/members/" "Mozilla/5.0 (Windows NT 10.0; Win64; x64) AppleWebKit/537.36 (KHTML, like Gecko) Chrome/46.0.2486.0 Safari/537.36 Edge/13.10586"
96.56.244.244 - - [23/Dec/2015:14:37:52 -0500] "GET /wp-includes/css/admin-bar.min.css?ver=4.4 HTTP/1.1" 200 20232 "http://www.lcfas.org/members/" "Mozilla/5.0 (Windows NT 10.0; Win64; x64) AppleWebKit/537.36 (KHTML, like Gecko) Chrome/46.0.2486.0 Safari/537.36 Edge/13.10586"
96.56.244.244 - - [23/Dec/2015:14:37:52 -0500] "GET /wp-includes/css/dashicons.min.css?ver=4.4 HTTP/1.1" 200 46136 "http://www.lcfas.org/members/" "Mozilla/5.0 (Windows NT 10.0; Win64; x64) AppleWebKit/537.36 (KHTML, like Gecko) Chrome/46.0.2486.0 Safari/537.36 Edge/13.10586"
96.56.244.244 - - [23/Dec/2015:14:37:52 -0500] "GET /wp-content/plugins/wordpress-seo/css/adminbar.min.css?ver=2.3.2 HTTP/1.1" 200 543 "http://www.lcfas.org/members/" "Mozilla/5.0 (Windows NT 10.0; Win64; x64) AppleWebKit/537.36 (KHTML, like Gecko) Chrome/46.0.2486.0 Safari/537.36 Edge/13.10586"
96.56.244.244 - - [23/Dec/2015:14:37:52 -0500] "GET /wp-includes/js/admin-bar.min.js?ver=4.4 HTTP/1.1" 200 7190 "http://www.lcfas.org/members/" "Mozilla/5.0 (Windows NT 10.0; Win64; x64) AppleWebKit/537.36 (KHTML, like Gecko) Chrome/46.0.2486.0 Safari/537.36 Edge/13.10586"
96.56.244.244 - - [23/Dec/2015:14:37:52 -0500] "GET /wp-includes/fonts/dashicons.eot HTTP/1.1" 200 42118 "http://www.lcfas.org/members/" "Mozilla/5.0 (Windows NT 10.0; Win64; x64) AppleWebKit/537.36 (KHTML, like Gecko) Chrome/46.0.2486.0 Safari/537.36 Edge/13.10586"
96.56.244.244 - - [23/Dec/2015:14:37:52 -0500] "GET /wp-content/themes/lcfas/library/images/sort_both.png HTTP/1.1" 404 16949 "http://www.lcfas.org/members/" "Mozilla/5.0 (Windows NT 10.0; Win64; x64) AppleWebKit/537.36 (KHTML, like Gecko) Chrome/46.0.2486.0 Safari/537.36 Edge/13.10586"
96.56.244.244 - - [23/Dec/2015:14:37:57 -0500] "GET /members/duty-schedule HTTP/1.1" 301 - "http://www.lcfas.org/members/" "Mozilla/5.0 (Windows NT 10.0; Win64; x64) AppleWebKit/537.36 (KHTML, like Gecko) Chrome/46.0.2486.0 Safari/537.36 Edge/13.10586"
96.56.244.244 - - [23/Dec/2015:14:37:57 -0500] "GET /members/duty-schedule/ HTTP/1.1" 200 17243 "http://www.lcfas.org/members/" "Mozilla/5.0 (Windows NT 10.0; Win64; x64) AppleWebKit/537.36 (KHTML, like Gecko) Chrome/46.0.2486.0 Safari/537.36 Edge/13.10586"
77.66.60.75 - - [23/Dec/2015:14:51:01 -0500] "GET /robots.txt HTTP/1.1" 200 67 "-" "Mozilla/5.0 (compatible; Findxbot/1.0; +http://www.findxbot.com)"
143.95.44.88 - - [23/Dec/2015:14:51:01 -0500] "POST /wp-cron.php?doing_wp_cron=1450900261.7012989521026611328125 HTTP/1.1" 200 - "-" "WordPress/4.4; http://www.lcfas.org"
77.66.60.75 - - [23/Dec/2015:14:51:03 -0500] "GET / HTTP/1.1" 200 13722 "-" "Mozilla/5.0 (compatible; Findxbot/1.0; +http://www.findxbot.com)"
66.249.64.125 - - [23/Dec/2015:14:55:21 -0500] "GET /wp-content/uploads/2015/12/adt-1024x574.jpg HTTP/1.1" 200 94179 "-" "Googlebot-Image/1.0"
66.249.64.120 - - [23/Dec/2015:14:55:36 -0500] "GET /lcfas-awarded-grant-from-adt/ HTTP/1.1" 200 15223 "-" "Mozilla/5.0 (compatible; Googlebot/2.1; +http://www.google.com/bot.html)"
66.249.64.125 - - [23/Dec/2015:15:03:41 -0500] "GET /author/lcfasadmin/ HTTP/1.1" 200 24972 "-" "Mozilla/5.0 (compatible; Googlebot/2.1; +http://www.google.com/bot.html)"
66.249.64.120 - - [23/Dec/2015:15:06:57 -0500] "GET /2015/12/ HTTP/1.1" 200 15769 "-" "Mozilla/5.0 (compatible; Googlebot/2.1; +http://www.google.com/bot.html)"
208.113.153.211 - - [23/Dec/2015:15:35:24 -0500] "POST /wp-cron.php?doing_wp_cron=1450902924.6415269374847412109375 HTTP/1.1" 200 - "-" "WordPress/4.4; http://www.lcfas.org"
123.125.71.54 - - [23/Dec/2015:15:35:26 -0500] "GET / HTTP/1.1" 200 13722 "-" "Mozilla/5.0 (compatible; Baiduspider/2.0; +http://www.baidu.com/search/spider.html)"
24.190.188.223 - - [23/Dec/2015:15:40:35 -0500] "POST /wp-admin/admin-ajax.php HTTP/1.1" 200 47 "http://www.lcfas.org/wp-admin/theme-editor.php?file=index.php&theme=lcfas&scrollto=78" "Mozilla/5.0 (Macintosh; Intel Mac OS X 10_10_3) AppleWebKit/537.36 (KHTML, like Gecko) Chrome/47.0.2526.106 Safari/537.36"
24.190.188.223 - - [23/Dec/2015:15:42:39 -0500] "POST /wp-admin/admin-ajax.php HTTP/1.1" 200 47 "http://www.lcfas.org/wp-admin/theme-editor.php?file=index.php&theme=lcfas&scrollto=78" "Mozilla/5.0 (Macintosh; Intel Mac OS X 10_10_3) AppleWebKit/537.36 (KHTML, like Gecko) Chrome/47.0.2526.106 Safari/537.36"
24.190.188.223 - - [23/Dec/2015:15:48:12 -0500] "POST /wp-admin/admin-ajax.php HTTP/1.1" 200 47 "http://www.lcfas.org/wp-admin/theme-editor.php?file=index.php&theme=lcfas&scrollto=78" "Mozilla/5.0 (Macintosh; Intel Mac OS X 10_10_3) AppleWebKit/537.36 (KHTML, like Gecko) Chrome/47.0.2526.106 Safari/537.36"
208.113.153.211 - - [23/Dec/2015:16:21:11 -0500] "POST /wp-cron.php?doing_wp_cron=1450905671.0055689811706542968750 HTTP/1.1" 200 - "-" "WordPress/4.4; http://www.lcfas.org"
66.249.64.6 - - [23/Dec/2015:16:23:32 -0500] "GET /news/ HTTP/1.1" 200 28184 "-" "Mozilla/5.0 (compatible; Googlebot/2.1; +http://www.google.com/bot.html)"
24.190.188.223 - - [23/Dec/2015:16:32:03 -0500] "POST /wp-admin/admin-ajax.php HTTP/1.1" 200 47 "http://www.lcfas.org/wp-admin/theme-editor.php?file=index.php&theme=lcfas&scrollto=78" "Mozilla/5.0 (Macintosh; Intel Mac OS X 10_10_3) AppleWebKit/537.36 (KHTML, like Gecko) Chrome/47.0.2526.106 Safari/537.36"
24.190.188.223 - - [23/Dec/2015:16:34:11 -0500] "POST /wp-admin/admin-ajax.php HTTP/1.1" 200 47 "http://www.lcfas.org/wp-admin/theme-editor.php?file=index.php&theme=lcfas&scrollto=78" "Mozilla/5.0 (Macintosh; Intel Mac OS X 10_10_3) AppleWebKit/537.36 (KHTML, like Gecko) Chrome/47.0.2526.106 Safari/537.36"
24.190.188.223 - - [23/Dec/2015:16:36:16 -0500] "POST /wp-admin/admin-ajax.php HTTP/1.1" 200 47 "http://www.lcfas.org/wp-admin/theme-editor.php?file=index.php&theme=lcfas&scrollto=78" "Mozilla/5.0 (Macintosh; Intel Mac OS X 10_10_3) AppleWebKit/537.36 (KHTML, like Gecko) Chrome/47.0.2526.106 Safari/537.36"
24.190.188.223 - - [23/Dec/2015:16:38:19 -0500] "POST /wp-admin/admin-ajax.php HTTP/1.1" 200 47 "http://www.lcfas.org/wp-admin/theme-editor.php?file=index.php&theme=lcfas&scrollto=78" "Mozilla/5.0 (Macintosh; Intel Mac OS X 10_10_3) AppleWebKit/537.36 (KHTML, like Gecko) Chrome/47.0.2526.106 Safari/537.36"
24.190.188.223 - - [23/Dec/2015:16:40:22 -0500] "POST /wp-admin/admin-ajax.php HTTP/1.1" 200 47 "http://www.lcfas.org/wp-admin/theme-editor.php?file=index.php&theme=lcfas&scrollto=78" "Mozilla/5.0 (Macintosh; Intel Mac OS X 10_10_3) AppleWebKit/537.36 (KHTML, like Gecko) Chrome/47.0.2526.106 Safari/537.36"
24.190.188.223 - - [23/Dec/2015:16:42:27 -0500] "POST /wp-admin/admin-ajax.php HTTP/1.1" 200 47 "http://www.lcfas.org/wp-admin/theme-editor.php?file=index.php&theme=lcfas&scrollto=78" "Mozilla/5.0 (Macintosh; Intel Mac OS X 10_10_3) AppleWebKit/537.36 (KHTML, like Gecko) Chrome/47.0.2526.106 Safari/537.36"
209.237.150.138 - - [23/Dec/2015:17:01:38 -0500] "GET //?author=0 HTTP/1.1" 301 - "-" "-"
209.237.150.138 - - [23/Dec/2015:17:01:38 -0500] "GET /?author=0 HTTP/1.1" 301 - "-" "-"
209.237.150.138 - - [23/Dec/2015:17:01:39 -0500] "GET //?author=1 HTTP/1.1" 301 - "-" "-"
209.237.150.138 - - [23/Dec/2015:17:01:39 -0500] "GET /?author=1 HTTP/1.1" 301 - "-" "-"
205.217.249.108 - - [23/Dec/2015:17:09:09 -0500] "GET /wp-login.php HTTP/1.0" 200 2834 "-" "Mozilla/5.0 (Windows NT 5.1; rv:29.0) Gecko/20100101 Firefox/29.0"
205.217.249.108 - - [23/Dec/2015:17:09:14 -0500] "POST /wp-login.php HTTP/1.0" 200 3832 "-" "Mozilla/5.0 (Windows NT 5.1; rv:29.0) Gecko/20100101 Firefox/29.0"
24.190.188.223 - - [23/Dec/2015:17:09:46 -0500] "POST /wp-admin/admin-ajax.php HTTP/1.1" 200 47 "http://www.lcfas.org/wp-admin/theme-editor.php?file=index.php&theme=lcfas&scrollto=78" "Mozilla/5.0 (Macintosh; Intel Mac OS X 10_10_3) AppleWebKit/537.36 (KHTML, like Gecko) Chrome/47.0.2526.106 Safari/537.36"
143.95.44.88 - - [23/Dec/2015:18:11:26 -0500] "POST /wp-cron.php?doing_wp_cron=1450912286.8654749393463134765625 HTTP/1.1" 200 - "-" "WordPress/4.4; http://www.lcfas.org"
68.180.228.54 - - [23/Dec/2015:18:11:26 -0500] "GET /robots.txt HTTP/1.1" 200 67 "-" "Mozilla/5.0 (compatible; Yahoo! Slurp; http://help.yahoo.com/help/us/ysearch/slurp)"
68.180.228.54 - - [23/Dec/2015:18:11:27 -0500] "GET /register/ HTTP/1.1" 200 14122 "-" "Mozilla/5.0 (compatible; Yahoo! Slurp; http://help.yahoo.com/help/us/ysearch/slurp)"
108.59.8.70 - - [23/Dec/2015:18:17:12 -0500] "GET /robots.txt HTTP/1.1" 406 67 "-" "Mozilla/5.0 (compatible; MJ12bot/v1.4.5; http://www.majestic12.co.uk/bot.php?+)"
148.74.228.37 - - [23/Dec/2015:18:43:09 -0500] "GET / HTTP/1.1" 200 18632 "-" "Mozilla/5.0 (iPhone; CPU iPhone OS 9_2 like Mac OS X) AppleWebKit/601.1 (KHTML, like Gecko) CriOS/47.0.2526.107 Mobile/13C75 Safari/601.1.46"
148.74.228.37 - - [23/Dec/2015:18:43:21 -0500] "GET /members HTTP/1.1" 301 - "http://www.lcfas.org/" "Mozilla/5.0 (iPhone; CPU iPhone OS 9_2 like Mac OS X) AppleWebKit/601.1 (KHTML, like Gecko) CriOS/47.0.2526.107 Mobile/13C75 Safari/601.1.46"
148.74.228.37 - - [23/Dec/2015:18:43:21 -0500] "GET /members/ HTTP/1.1" 200 28497 "http://www.lcfas.org/" "Mozilla/5.0 (iPhone; CPU iPhone OS 9_2 like Mac OS X) AppleWebKit/601.1 (KHTML, like Gecko) CriOS/47.0.2526.107 Mobile/13C75 Safari/601.1.46"
148.74.228.37 - - [23/Dec/2015:18:43:22 -0500] "GET /wp-content/themes/lcfas/library/images/sort_both.png HTTP/1.1" 404 16962 "http://www.lcfas.org/members/" "Mozilla/5.0 (iPhone; CPU iPhone OS 9_2 like Mac OS X) AppleWebKit/601.1 (KHTML, like Gecko) CriOS/47.0.2526.107 Mobile/13C75 Safari/601.1.46"
148.74.228.37 - - [23/Dec/2015:18:43:26 -0500] "GET /members/duty-schedule HTTP/1.1" 301 - "http://www.lcfas.org/members/" "Mozilla/5.0 (iPhone; CPU iPhone OS 9_2 like Mac OS X) AppleWebKit/601.1 (KHTML, like Gecko) CriOS/47.0.2526.107 Mobile/13C75 Safari/601.1.46"
148.74.228.37 - - [23/Dec/2015:18:43:26 -0500] "GET /members/duty-schedule/ HTTP/1.1" 200 17256 "http://www.lcfas.org/members/" "Mozilla/5.0 (iPhone; CPU iPhone OS 9_2 like Mac OS X) AppleWebKit/601.1 (KHTML, like Gecko) CriOS/47.0.2526.107 Mobile/13C75 Safari/601.1.46"
148.74.228.37 - - [23/Dec/2015:18:43:27 -0500] "GET /members/duty-schedule HTTP/1.1" 301 - "http://www.lcfas.org/members/" "Mozilla/5.0 (iPhone; CPU iPhone OS 9_2 like Mac OS X) AppleWebKit/601.1 (KHTML, like Gecko) CriOS/47.0.2526.107 Mobile/13C75 Safari/601.1.46"
148.74.228.37 - - [23/Dec/2015:18:43:27 -0500] "GET /members/duty-schedule/ HTTP/1.1" 200 17256 "http://www.lcfas.org/members/" "Mozilla/5.0 (iPhone; CPU iPhone OS 9_2 like Mac OS X) AppleWebKit/601.1 (KHTML, like Gecko) CriOS/47.0.2526.107 Mobile/13C75 Safari/601.1.46"
24.45.68.210 - - [23/Dec/2015:18:56:04 -0500] "GET / HTTP/1.1" 301 - "-" "Mozilla/5.0 (Macintosh; Intel Mac OS X 10_10_3) AppleWebKit/600.6.3 (KHTML, like Gecko) Version/8.0.6 Safari/600.6.3"
24.45.68.210 - - [23/Dec/2015:18:56:04 -0500] "GET / HTTP/1.1" 200 13722 "-" "Mozilla/5.0 (Macintosh; Intel Mac OS X 10_10_3) AppleWebKit/600.6.3 (KHTML, like Gecko) Version/8.0.6 Safari/600.6.3"
24.45.68.210 - - [23/Dec/2015:18:56:05 -0500] "GET /wp-includes/js/wp-emoji-release.min.js?ver=4.4 HTTP/1.1" 200 17257 "http://www.lcfas.org/" "Mozilla/5.0 (Macintosh; Intel Mac OS X 10_10_3) AppleWebKit/600.6.3 (KHTML, like Gecko) Version/8.0.6 Safari/600.6.3"
24.45.68.210 - - [23/Dec/2015:18:56:05 -0500] "GET /wp-content/themes/lcfas/library/css/bootstrap.css?ver=1.0 HTTP/1.1" 200 141976 "http://www.lcfas.org/" "Mozilla/5.0 (Macintosh; Intel Mac OS X 10_10_3) AppleWebKit/600.6.3 (KHTML, like Gecko) Version/8.0.6 Safari/600.6.3"
24.45.68.210 - - [23/Dec/2015:18:56:05 -0500] "GET /wp-content/plugins/wp-members/css/generic-no-float.css?ver=2.9.9.1 HTTP/1.1" 200 5310 "http://www.lcfas.org/" "Mozilla/5.0 (Macintosh; Intel Mac OS X 10_10_3) AppleWebKit/600.6.3 (KHTML, like Gecko) Version/8.0.6 Safari/600.6.3"
24.45.68.210 - - [23/Dec/2015:18:56:05 -0500] "GET /wp-content/themes/lcfas/library/css/jquery.dataTables.css?ver=1.0 HTTP/1.1" 200 15089 "http://www.lcfas.org/" "Mozilla/5.0 (Macintosh; Intel Mac OS X 10_10_3) AppleWebKit/600.6.3 (KHTML, like Gecko) Version/8.0.6 Safari/600.6.3"
24.45.68.210 - - [23/Dec/2015:18:56:05 -0500] "GET /wp-content/themes/lcfas/library/css/fullcalendar.print.css?ver=1.0 HTTP/1.1" 200 990 "http://www.lcfas.org/" "Mozilla/5.0 (Macintosh; Intel Mac OS X 10_10_3) AppleWebKit/600.6.3 (KHTML, like Gecko) Version/8.0.6 Safari/600.6.3"
24.45.68.210 - - [23/Dec/2015:18:56:05 -0500] "GET /wp-content/themes/lcfas/library/css/fullcalendar.min.css?ver=1.0 HTTP/1.1" 200 10632 "http://www.lcfas.org/" "Mozilla/5.0 (Macintosh; Intel Mac OS X 10_10_3) AppleWebKit/600.6.3 (KHTML, like Gecko) Version/8.0.6 Safari/600.6.3"
24.45.68.210 - - [23/Dec/2015:18:56:05 -0500] "GET /wp-content/themes/lcfas/style.css?ver=1.0 HTTP/1.1" 200 3470 "http://www.lcfas.org/" "Mozilla/5.0 (Macintosh; Intel Mac OS X 10_10_3) AppleWebKit/600.6.3 (KHTML, like Gecko) Version/8.0.6 Safari/600.6.3"
24.45.68.210 - - [23/Dec/2015:18:56:05 -0500] "GET /wp-content/plugins/easy-fancybox/fancybox/jquery.fancybox-1.3.7.min.css?ver=1.5.7 HTTP/1.1" 200 4654 "http://www.lcfas.org/" "Mozilla/5.0 (Macintosh; Intel Mac OS X 10_10_3) AppleWebKit/600.6.3 (KHTML, like Gecko) Version/8.0.6 Safari/600.6.3"
24.45.68.210 - - [23/Dec/2015:18:56:05 -0500] "GET /wp-includes/js/jquery/jquery.js?ver=1.11.3 HTTP/1.1" 200 95977 "http://www.lcfas.org/" "Mozilla/5.0 (Macintosh; Intel Mac OS X 10_10_3) AppleWebKit/600.6.3 (KHTML, like Gecko) Version/8.0.6 Safari/600.6.3"
24.45.68.210 - - [23/Dec/2015:18:56:05 -0500] "GET /wp-includes/js/jquery/jquery-migrate.min.js?ver=1.2.1 HTTP/1.1" 200 7200 "http://www.lcfas.org/" "Mozilla/5.0 (Macintosh; Intel Mac OS X 10_10_3) AppleWebKit/600.6.3 (KHTML, like Gecko) Version/8.0.6 Safari/600.6.3"
24.45.68.210 - - [23/Dec/2015:18:56:05 -0500] "GET /wp-content/themes/lcfas/library/js/moment.min.js?ver=1.2 HTTP/1.1" 200 33783 "http://www.lcfas.org/" "Mozilla/5.0 (Macintosh; Intel Mac OS X 10_10_3) AppleWebKit/600.6.3 (KHTML, like Gecko) Version/8.0.6 Safari/600.6.3"
24.45.68.210 - - [23/Dec/2015:18:56:05 -0500] "GET /wp-content/themes/lcfas/library/js/gcal.js?ver=1.2 HTTP/1.1" 200 6247 "http://www.lcfas.org/" "Mozilla/5.0 (Macintosh; Intel Mac OS X 10_10_3) AppleWebKit/600.6.3 (KHTML, like Gecko) Version/8.0.6 Safari/600.6.3"
24.45.68.210 - - [23/Dec/2015:18:56:05 -0500] "GET /wp-content/themes/lcfas/library/js/fullcalendar.min.js?ver=1.2 HTTP/1.1" 200 84823 "http://www.lcfas.org/" "Mozilla/5.0 (Macintosh; Intel Mac OS X 10_10_3) AppleWebKit/600.6.3 (KHTML, like Gecko) Version/8.0.6 Safari/600.6.3"
24.45.68.210 - - [23/Dec/2015:18:56:05 -0500] "GET /wp-content/themes/lcfas/library/js/bootstrap.min.js?ver=1.2 HTTP/1.1" 200 27726 "http://www.lcfas.org/" "Mozilla/5.0 (Macintosh; Intel Mac OS X 10_10_3) AppleWebKit/600.6.3 (KHTML, like Gecko) Version/8.0.6 Safari/600.6.3"
24.45.68.210 - - [23/Dec/2015:18:56:05 -0500] "GET /wp-content/themes/lcfas/library/js/libs/jquery.dataTables.min.js?ver=1.10.0 HTTP/1.1" 200 75919 "http://www.lcfas.org/" "Mozilla/5.0 (Macintosh; Intel Mac OS X 10_10_3) AppleWebKit/600.6.3 (KHTML, like Gecko) Version/8.0.6 Safari/600.6.3"
24.45.68.210 - - [23/Dec/2015:18:56:05 -0500] "GET /wp-content/themes/lcfas/library/js/scripts.js?ver=1.2 HTTP/1.1" 200 5426 "http://www.lcfas.org/" "Mozilla/5.0 (Macintosh; Intel Mac OS X 10_10_3) AppleWebKit/600.6.3 (KHTML, like Gecko) Version/8.0.6 Safari/600.6.3"
24.45.68.210 - - [23/Dec/2015:18:56:05 -0500] "GET /wp-content/themes/lcfas/library/js/modernizr.full.min.js?ver=1.2 HTTP/1.1" 200 16819 "http://www.lcfas.org/" "Mozilla/5.0 (Macintosh; Intel Mac OS X 10_10_3) AppleWebKit/600.6.3 (KHTML, like Gecko) Version/8.0.6 Safari/600.6.3"
24.45.68.210 - - [23/Dec/2015:18:56:05 -0500] "GET /wp-includes/js/wp-embed.min.js?ver=4.4 HTTP/1.1" 200 1518 "http://www.lcfas.org/" "Mozilla/5.0 (Macintosh; Intel Mac OS X 10_10_3) AppleWebKit/600.6.3 (KHTML, like Gecko) Version/8.0.6 Safari/600.6.3"
24.45.68.210 - - [23/Dec/2015:18:56:05 -0500] "GET /wp-content/plugins/easy-fancybox/fancybox/jquery.fancybox-1.3.7.min.js?ver=1.5.7 HTTP/1.1" 200 15701 "http://www.lcfas.org/" "Mozilla/5.0 (Macintosh; Intel Mac OS X 10_10_3) AppleWebKit/600.6.3 (KHTML, like Gecko) Version/8.0.6 Safari/600.6.3"
24.45.68.210 - - [23/Dec/2015:18:56:05 -0500] "GET /wp-content/plugins/easy-fancybox/jquery.easing.pack.js?ver=1.3 HTTP/1.1" 200 3649 "http://www.lcfas.org/" "Mozilla/5.0 (Macintosh; Intel Mac OS X 10_10_3) AppleWebKit/600.6.3 (KHTML, like Gecko) Version/8.0.6 Safari/600.6.3"
24.45.68.210 - - [23/Dec/2015:18:56:05 -0500] "GET /wp-content/plugins/easy-fancybox/jquery.mousewheel.min.js?ver=3.1.12 HTTP/1.1" 200 2777 "http://www.lcfas.org/" "Mozilla/5.0 (Macintosh; Intel Mac OS X 10_10_3) AppleWebKit/600.6.3 (KHTML, like Gecko) Version/8.0.6 Safari/600.6.3"
24.45.68.210 - - [23/Dec/2015:18:56:06 -0500] "GET /wp-content/uploads/2015/05/11351429_10204128796563494_2791362150821890097_n-1.jpg HTTP/1.1" 200 132756 "http://www.lcfas.org/" "Mozilla/5.0 (Macintosh; Intel Mac OS X 10_10_3) AppleWebKit/600.6.3 (KHTML, like Gecko) Version/8.0.6 Safari/600.6.3"
24.45.68.210 - - [23/Dec/2015:18:56:06 -0500] "GET /wp-content/themes/lcfas/library/fonts/glyphicons-halflings-regular.woff HTTP/1.1" 200 18944 "http://www.lcfas.org/" "Mozilla/5.0 (Macintosh; Intel Mac OS X 10_10_3) AppleWebKit/600.6.3 (KHTML, like Gecko) Version/8.0.6 Safari/600.6.3"
24.45.68.210 - - [23/Dec/2015:18:56:06 -0500] "GET /favicon.ico HTTP/1.1" 200 - "http://www.lcfas.org/" "Mozilla/5.0 (Macintosh; Intel Mac OS X 10_10_3) AppleWebKit/600.6.3 (KHTML, like Gecko) Version/8.0.6 Safari/600.6.3"
24.45.68.210 - - [23/Dec/2015:18:56:07 -0500] "GET /members/ HTTP/1.1" 200 15789 "http://www.lcfas.org/" "Mozilla/5.0 (Macintosh; Intel Mac OS X 10_10_3) AppleWebKit/600.6.3 (KHTML, like Gecko) Version/8.0.6 Safari/600.6.3"
24.45.68.210 - - [23/Dec/2015:18:56:12 -0500] "POST /members/ HTTP/1.1" 200 12616 "http://www.lcfas.org/members/" "Mozilla/5.0 (Macintosh; Intel Mac OS X 10_10_3) AppleWebKit/600.6.3 (KHTML, like Gecko) Version/8.0.6 Safari/600.6.3"
24.45.68.210 - - [23/Dec/2015:18:56:14 -0500] "GET /members/ HTTP/1.1" 200 15789 "http://www.lcfas.org/members/" "Mozilla/5.0 (Macintosh; Intel Mac OS X 10_10_3) AppleWebKit/600.6.3 (KHTML, like Gecko) Version/8.0.6 Safari/600.6.3"
24.45.68.210 - - [23/Dec/2015:18:56:18 -0500] "POST /members/ HTTP/1.1" 302 - "http://www.lcfas.org/members/" "Mozilla/5.0 (Macintosh; Intel Mac OS X 10_10_3) AppleWebKit/600.6.3 (KHTML, like Gecko) Version/8.0.6 Safari/600.6.3"
24.45.68.210 - - [23/Dec/2015:18:56:18 -0500] "GET /members/ HTTP/1.1" 200 28531 "http://www.lcfas.org/members/" "Mozilla/5.0 (Macintosh; Intel Mac OS X 10_10_3) AppleWebKit/600.6.3 (KHTML, like Gecko) Version/8.0.6 Safari/600.6.3"
24.45.68.210 - - [23/Dec/2015:18:56:19 -0500] "GET /wp-includes/css/dashicons.min.css?ver=4.4 HTTP/1.1" 200 46136 "http://www.lcfas.org/members/" "Mozilla/5.0 (Macintosh; Intel Mac OS X 10_10_3) AppleWebKit/600.6.3 (KHTML, like Gecko) Version/8.0.6 Safari/600.6.3"
24.45.68.210 - - [23/Dec/2015:18:56:19 -0500] "GET /wp-content/plugins/wordpress-seo/css/adminbar.min.css?ver=2.3.2 HTTP/1.1" 200 543 "http://www.lcfas.org/members/" "Mozilla/5.0 (Macintosh; Intel Mac OS X 10_10_3) AppleWebKit/600.6.3 (KHTML, like Gecko) Version/8.0.6 Safari/600.6.3"
24.45.68.210 - - [23/Dec/2015:18:56:19 -0500] "GET /wp-includes/css/admin-bar.min.css?ver=4.4 HTTP/1.1" 200 20232 "http://www.lcfas.org/members/" "Mozilla/5.0 (Macintosh; Intel Mac OS X 10_10_3) AppleWebKit/600.6.3 (KHTML, like Gecko) Version/8.0.6 Safari/600.6.3"
24.45.68.210 - - [23/Dec/2015:18:56:19 -0500] "GET /wp-includes/js/admin-bar.min.js?ver=4.4 HTTP/1.1" 200 7190 "http://www.lcfas.org/members/" "Mozilla/5.0 (Macintosh; Intel Mac OS X 10_10_3) AppleWebKit/600.6.3 (KHTML, like Gecko) Version/8.0.6 Safari/600.6.3"
24.45.68.210 - - [23/Dec/2015:18:56:19 -0500] "GET /wp-content/themes/lcfas/library/images/sort_both.png HTTP/1.1" 404 16996 "http://www.lcfas.org/members/" "Mozilla/5.0 (Macintosh; Intel Mac OS X 10_10_3) AppleWebKit/600.6.3 (KHTML, like Gecko) Version/8.0.6 Safari/600.6.3"
24.45.68.210 - - [23/Dec/2015:18:56:21 -0500] "GET /members/duty-schedule HTTP/1.1" 301 - "http://www.lcfas.org/members/" "Mozilla/5.0 (Macintosh; Intel Mac OS X 10_10_3) AppleWebKit/600.6.3 (KHTML, like Gecko) Version/8.0.6 Safari/600.6.3"
24.45.68.210 - - [23/Dec/2015:18:56:21 -0500] "GET /members/duty-schedule/ HTTP/1.1" 200 17290 "http://www.lcfas.org/members/" "Mozilla/5.0 (Macintosh; Intel Mac OS X 10_10_3) AppleWebKit/600.6.3 (KHTML, like Gecko) Version/8.0.6 Safari/600.6.3"
24.45.68.210 - - [23/Dec/2015:18:56:38 -0500] "GET /members/ HTTP/1.1" 200 28531 "http://www.lcfas.org/members/duty-schedule/" "Mozilla/5.0 (Macintosh; Intel Mac OS X 10_10_3) AppleWebKit/600.6.3 (KHTML, like Gecko) Version/8.0.6 Safari/600.6.3"
24.45.68.210 - - [23/Dec/2015:18:56:40 -0500] "GET /wp-content/uploads/2014/06/LCFAS-Member-Roster.pdf HTTP/1.1" 200 214610 "http://www.lcfas.org/members/" "Mozilla/5.0 (Macintosh; Intel Mac OS X 10_10_3) AppleWebKit/600.6.3 (KHTML, like Gecko) Version/8.0.6 Safari/600.6.3"
100.43.85.4 - - [23/Dec/2015:19:03:43 -0500] "GET /robots.txt HTTP/1.1" 200 67 "-" "Mozilla/5.0 (compatible; YandexBot/3.0; +http://yandex.com/bots)"
199.21.99.216 - - [23/Dec/2015:19:03:43 -0500] "GET /robots.txt HTTP/1.1" 200 67 "-" "Mozilla/5.0 (compatible; YandexBot/3.0; +http://yandex.com/bots)"
199.21.99.216 - - [23/Dec/2015:19:03:47 -0500] "GET / HTTP/1.1" 301 - "-" "Mozilla/5.0 (compatible; YandexBot/3.0; +http://yandex.com/bots)"
199.21.99.216 - - [23/Dec/2015:19:03:47 -0500] "GET / HTTP/1.1" 200 13722 "-" "Mozilla/5.0 (compatible; YandexBot/3.0; +http://yandex.com/bots)"
199.21.99.216 - - [23/Dec/2015:19:03:52 -0500] "GET / HTTP/1.1" 200 13722 "-" "Mozilla/5.0 (compatible; YandexBot/3.0; +http://yandex.com/bots)"
5.231.74.157 - - [23/Dec/2015:19:10:24 -0500] "GET / HTTP/1.1" 200 13722 "http://www.lcfas.org/" "Mozilla/5.0 (Windows NT 6.1; rv:32.0) Gecko/20100101 Firefox/32.0"
5.231.74.157 - - [23/Dec/2015:19:10:25 -0500] "POST /xmlrpc.php HTTP/1.0" 200 370 "http://www.lcfas.org/" "PHP/5.2.63"
46.148.18.162 - - [23/Dec/2015:19:28:19 -0500] "POST /xmlrpc.php HTTP/1.0" 200 65671 "http://lcfas.org/xmlrpc.php" "Mozilla/5.0 (Windows; U; Windows NT 5.1; es-ES; rv:1.7.5) Gecko/20060127 Netscape/8.1"
180.76.15.156 - - [23/Dec/2015:20:16:54 -0500] "GET /wp-content/themes/lcfas/library/js/bootstrap.min.js HTTP/1.1" 200 27726 "-" "Mozilla/5.0 (compatible; Baiduspider/2.0; +http://www.baidu.com/search/spider.html)"
208.113.153.211 - - [23/Dec/2015:20:19:01 -0500] "POST /wp-cron.php?doing_wp_cron=1450919940.8018889427185058593750 HTTP/1.1" 200 - "-" "WordPress/4.4; http://www.lcfas.org"
109.163.234.5 - - [23/Dec/2015:20:40:00 -0500] "GET /wp-login.php HTTP/1.0" 200 2897 "http://lcfas.org/wp-admin" "Opera/9.80 (J2ME/MIDP; Opera Mini/7.1.23511/28.2555; U; ru) Presto/2.10.181 Version/12.00"
109.163.234.5 - - [23/Dec/2015:20:40:02 -0500] "POST /wp-login.php HTTP/1.0" 200 3159 "-" "Opera/9.80 (J2ME/MIDP; Opera Mini/7.1.23511/28.2555; U; ru) Presto/2.10.181 Version/12.00"
143.95.44.88 - - [23/Dec/2015:20:40:00 -0500] "POST /wp-cron.php?doing_wp_cron=1450921200.6175301074981689453125 HTTP/1.1" 200 - "-" "WordPress/4.4; http://www.lcfas.org"
5.189.176.80 - - [23/Dec/2015:20:47:03 -0500] "GET / HTTP/1.1" 301 - "-" "PHPCrawl"
5.189.176.80 - - [23/Dec/2015:20:47:03 -0500] "GET / HTTP/1.1" 200 13722 "http://lcfas.org" "PHPCrawl"
5.189.176.80 - - [23/Dec/2015:20:47:04 -0500] "GET /favicon.ico HTTP/1.1" 200 - "-" "-"
5.189.176.80 - - [23/Dec/2015:20:47:05 -0500] "GET /about-us/ HTTP/1.1" 200 17766 "http://www.lcfas.org" "PHPCrawl"
5.189.176.80 - - [23/Dec/2015:20:47:06 -0500] "GET /volunteer/ HTTP/1.1" 200 19229 "http://www.lcfas.org" "PHPCrawl"
5.189.176.80 - - [23/Dec/2015:20:47:07 -0500] "GET /donate/ HTTP/1.1" 200 14343 "http://www.lcfas.org" "PHPCrawl"
5.189.176.80 - - [23/Dec/2015:20:47:09 -0500] "GET /news/ HTTP/1.1" 200 28184 "http://www.lcfas.org" "PHPCrawl"
5.189.176.80 - - [23/Dec/2015:20:47:10 -0500] "GET /members/ HTTP/1.1" 200 15789 "http://www.lcfas.org" "PHPCrawl"
5.189.176.80 - - [23/Dec/2015:20:47:11 -0500] "GET /contact/ HTTP/1.1" 200 13964 "http://www.lcfas.org" "PHPCrawl"
5.189.176.80 - - [23/Dec/2015:20:47:13 -0500] "GET /members HTTP/1.1" 301 - "http://www.lcfas.org" "PHPCrawl"
5.189.176.80 - - [23/Dec/2015:20:47:14 -0500] "GET /xmlrpc.php HTTP/1.0" 405 42 "http://www.lcfas.org" "PHPCrawl"
5.189.176.80 - - [23/Dec/2015:20:47:15 -0500] "GET /wp-content/themes/lcfas/library/css/bootstrap.css?ver=1.0 HTTP/1.1" 200 141976 "http://www.lcfas.org" "PHPCrawl"
5.189.176.80 - - [23/Dec/2015:20:47:15 -0500] "GET /wp-content/themes/lcfas/library/css/jquery.dataTables.css?ver=1.0 HTTP/1.1" 200 15089 "http://www.lcfas.org" "PHPCrawl"
5.189.176.80 - - [23/Dec/2015:20:47:16 -0500] "GET /wp-content/themes/lcfas/library/css/fullcalendar.min.css?ver=1.0 HTTP/1.1" 200 10632 "http://www.lcfas.org" "PHPCrawl"
5.189.176.80 - - [23/Dec/2015:20:47:16 -0500] "GET /wp-content/themes/lcfas/library/css/fullcalendar.print.css?ver=1.0 HTTP/1.1" 200 990 "http://www.lcfas.org" "PHPCrawl"
5.189.176.80 - - [23/Dec/2015:20:47:16 -0500] "GET /wp-content/themes/lcfas/style.css?ver=1.0 HTTP/1.1" 200 3470 "http://www.lcfas.org" "PHPCrawl"
5.189.176.80 - - [23/Dec/2015:20:47:17 -0500] "GET /wp-content/plugins/easy-fancybox/fancybox/jquery.fancybox-1.3.7.min.css?ver=1.5.7 HTTP/1.1" 200 4654 "http://www.lcfas.org" "PHPCrawl"
5.189.176.80 - - [23/Dec/2015:20:47:17 -0500] "GET /wp-content/plugins/wp-members/css/generic-no-float.css?ver=2.9.9.1 HTTP/1.1" 200 5310 "http://www.lcfas.org" "PHPCrawl"
5.189.176.80 - - [23/Dec/2015:20:47:17 -0500] "GET /wp-json/ HTTP/1.1" 200 956 "http://www.lcfas.org" "PHPCrawl"
5.189.176.80 - - [23/Dec/2015:20:47:18 -0500] "GET /wp-json/oembed/1.0/embed?url=http%3A%2F%2Fwww.lcfas.org%2F HTTP/1.1" 404 73 "http://www.lcfas.org" "PHPCrawl"
5.189.176.80 - - [23/Dec/2015:20:47:19 -0500] "GET /wp-json/oembed/1.0/embed?url=http%3A%2F%2Fwww.lcfas.org%2F&format=xml HTTP/1.1" 404 132 "http://www.lcfas.org" "PHPCrawl"
171.25.193.131 - - [23/Dec/2015:20:55:17 -0500] "GET /wp-login.php HTTP/1.0" 200 2834 "http://lcfas.org/wp-admin" "Mozilla/5.0 (Windows NT 6.0) AppleWebKit/537.36 (KHTML, like Gecko) Chrome/28.0.1468.0 Safari/537.36"
171.25.193.131 - - [23/Dec/2015:20:55:17 -0500] "POST /wp-login.php HTTP/1.0" 200 3689 "-" "Mozilla/5.0 (Windows NT 6.0) AppleWebKit/537.36 (KHTML, like Gecko) Chrome/28.0.1468.0 Safari/537.36"
24.190.188.223 - - [23/Dec/2015:22:20:52 -0500] "GET /mailman/admindb/alerts_lcfas.org HTTP/1.1" 200 2487 "-" "Mozilla/5.0 (Macintosh; Intel Mac OS X 10_10_3) AppleWebKit/537.36 (KHTML, like Gecko) Chrome/47.0.2526.106 Safari/537.36"
24.190.188.223 - - [23/Dec/2015:22:20:53 -0500] "GET /img-sys/mailman.jpg HTTP/1.1" 200 2134 "http://lcfas.org/mailman/admindb/alerts_lcfas.org" "Mozilla/5.0 (Macintosh; Intel Mac OS X 10_10_3) AppleWebKit/537.36 (KHTML, like Gecko) Chrome/47.0.2526.106 Safari/537.36"
24.190.188.223 - - [23/Dec/2015:22:20:53 -0500] "GET /img-sys/PythonPowered.png HTTP/1.1" 200 5883 "http://lcfas.org/mailman/admindb/alerts_lcfas.org" "Mozilla/5.0 (Macintosh; Intel Mac OS X 10_10_3) AppleWebKit/537.36 (KHTML, like Gecko) Chrome/47.0.2526.106 Safari/537.36"
24.190.188.223 - - [23/Dec/2015:22:20:53 -0500] "GET /img-sys/gnu-head-tiny.jpg HTTP/1.1" 200 3049 "http://lcfas.org/mailman/admindb/alerts_lcfas.org" "Mozilla/5.0 (Macintosh; Intel Mac OS X 10_10_3) AppleWebKit/537.36 (KHTML, like Gecko) Chrome/47.0.2526.106 Safari/537.36"
24.190.188.223 - - [23/Dec/2015:22:20:53 -0500] "GET /mailman/admindb/alerts_lcfas.org HTTP/1.1" 200 2487 "-" "Mozilla/5.0 (Macintosh; Intel Mac OS X 10_10_3) AppleWebKit/537.36 (KHTML, like Gecko) Chrome/47.0.2526.106 Safari/537.36"
24.190.188.223 - - [23/Dec/2015:22:20:54 -0500] "GET /favicon.ico HTTP/1.1" 200 - "http://lcfas.org/mailman/admindb/alerts_lcfas.org" "Mozilla/5.0 (Macintosh; Intel Mac OS X 10_10_3) AppleWebKit/537.36 (KHTML, like Gecko) Chrome/47.0.2526.106 Safari/537.36"
24.190.188.223 - - [23/Dec/2015:22:21:54 -0500] "GET /mailman/admindb/alerts_lcfas.org HTTP/1.1" 200 2487 "-" "Mozilla/5.0 (Macintosh; Intel Mac OS X 10_10_3) AppleWebKit/537.36 (KHTML, like Gecko) Chrome/47.0.2526.106 Safari/537.36"
24.190.188.223 - - [23/Dec/2015:22:21:55 -0500] "GET /webmail HTTP/1.1" 301 - "-" "Mozilla/5.0 (Macintosh; Intel Mac OS X 10_10_3) AppleWebKit/537.36 (KHTML, like Gecko) Chrome/47.0.2526.106 Safari/537.36"
24.190.188.223 - - [23/Dec/2015:22:21:56 -0500] "GET /webmail HTTP/1.1" 301 - "-" "Mozilla/5.0 (Macintosh; Intel Mac OS X 10_10_3) AppleWebKit/537.36 (KHTML, like Gecko) Chrome/47.0.2526.106 Safari/537.36"
200.24.195.197 - - [23/Dec/2015:22:31:19 -0500] "GET / HTTP/1.1" 301 - "http://top1-seo-service.com/try.php?u=http://lcfas.org" "Mozilla/5.0 (Windows NT 6.1; WOW64) AppleWebKit/537.36 (KHTML, like Gecko) Chrome/36.0.1985.143 Safari/537.36"
200.24.195.197 - - [23/Dec/2015:22:31:21 -0500] "GET / HTTP/1.1" 200 13722 "http://top1-seo-service.com/try.php?u=http://lcfas.org" "Mozilla/5.0 (Windows NT 6.1; WOW64) AppleWebKit/537.36 (KHTML, like Gecko) Chrome/36.0.1985.143 Safari/537.36"
200.24.195.197 - - [23/Dec/2015:22:31:22 -0500] "GET /wp-includes/js/wp-emoji-release.min.js?ver=4.4 HTTP/1.1" 200 17257 "http://www.lcfas.org/" "Mozilla/5.0 (Windows NT 6.1; WOW64) AppleWebKit/537.36 (KHTML, like Gecko) Chrome/36.0.1985.143 Safari/537.36"
200.24.195.197 - - [23/Dec/2015:22:31:22 -0500] "GET /wp-content/themes/lcfas/library/css/jquery.dataTables.css?ver=1.0 HTTP/1.1" 200 15089 "http://www.lcfas.org/" "Mozilla/5.0 (Windows NT 6.1; WOW64) AppleWebKit/537.36 (KHTML, like Gecko) Chrome/36.0.1985.143 Safari/537.36"
200.24.195.197 - - [23/Dec/2015:22:31:22 -0500] "GET /wp-content/themes/lcfas/library/css/fullcalendar.min.css?ver=1.0 HTTP/1.1" 200 10632 "http://www.lcfas.org/" "Mozilla/5.0 (Windows NT 6.1; WOW64) AppleWebKit/537.36 (KHTML, like Gecko) Chrome/36.0.1985.143 Safari/537.36"
200.24.195.197 - - [23/Dec/2015:22:31:22 -0500] "GET /wp-content/themes/lcfas/library/css/bootstrap.css?ver=1.0 HTTP/1.1" 200 141976 "http://www.lcfas.org/" "Mozilla/5.0 (Windows NT 6.1; WOW64) AppleWebKit/537.36 (KHTML, like Gecko) Chrome/36.0.1985.143 Safari/537.36"
200.24.195.197 - - [23/Dec/2015:22:31:22 -0500] "GET /wp-content/plugins/easy-fancybox/fancybox/jquery.fancybox-1.3.7.min.css?ver=1.5.7 HTTP/1.1" 200 4654 "http://www.lcfas.org/" "Mozilla/5.0 (Windows NT 6.1; WOW64) AppleWebKit/537.36 (KHTML, like Gecko) Chrome/36.0.1985.143 Safari/537.36"
200.24.195.197 - - [23/Dec/2015:22:31:22 -0500] "GET /wp-content/themes/lcfas/style.css?ver=1.0 HTTP/1.1" 200 3470 "http://www.lcfas.org/" "Mozilla/5.0 (Windows NT 6.1; WOW64) AppleWebKit/537.36 (KHTML, like Gecko) Chrome/36.0.1985.143 Safari/537.36"
200.24.195.197 - - [23/Dec/2015:22:31:22 -0500] "GET /wp-content/plugins/wp-members/css/generic-no-float.css?ver=2.9.9.1 HTTP/1.1" 200 5310 "http://www.lcfas.org/" "Mozilla/5.0 (Windows NT 6.1; WOW64) AppleWebKit/537.36 (KHTML, like Gecko) Chrome/36.0.1985.143 Safari/537.36"
200.24.195.197 - - [23/Dec/2015:22:31:23 -0500] "GET /wp-includes/js/jquery/jquery.js?ver=1.11.3 HTTP/1.1" 200 95977 "http://www.lcfas.org/" "Mozilla/5.0 (Windows NT 6.1; WOW64) AppleWebKit/537.36 (KHTML, like Gecko) Chrome/36.0.1985.143 Safari/537.36"
200.24.195.197 - - [23/Dec/2015:22:31:23 -0500] "GET /wp-includes/js/jquery/jquery-migrate.min.js?ver=1.2.1 HTTP/1.1" 200 7200 "http://www.lcfas.org/" "Mozilla/5.0 (Windows NT 6.1; WOW64) AppleWebKit/537.36 (KHTML, like Gecko) Chrome/36.0.1985.143 Safari/537.36"
