173.63.240.33 - - [22/Dec/2015:18:27:13 -0500] "GET /wp-content/themes/lcfas/library/js/gcal.js?ver=1.2 HTTP/1.1" 200 6247 "http://www.lcfas.org/" "Mozilla/5.0 (Windows NT 10.0; WOW64) AppleWebKit/537.36 (KHTML, like Gecko) Chrome/47.0.2526.106 Safari/537.36"
173.63.240.33 - - [22/Dec/2015:18:27:13 -0500] "GET /wp-content/themes/lcfas/library/js/modernizr.full.min.js?ver=1.2 HTTP/1.1" 200 16819 "http://www.lcfas.org/" "Mozilla/5.0 (Windows NT 10.0; WOW64) AppleWebKit/537.36 (KHTML, like Gecko) Chrome/47.0.2526.106 Safari/537.36"
173.63.240.33 - - [22/Dec/2015:18:27:13 -0500] "GET /wp-includes/js/wp-embed.min.js?ver=4.4 HTTP/1.1" 200 1518 "http://www.lcfas.org/" "Mozilla/5.0 (Windows NT 10.0; WOW64) AppleWebKit/537.36 (KHTML, like Gecko) Chrome/47.0.2526.106 Safari/537.36"
173.63.240.33 - - [22/Dec/2015:18:27:13 -0500] "GET /wp-content/themes/lcfas/library/css/fullcalendar.print.css?ver=1.0 HTTP/1.1" 200 990 "http://www.lcfas.org/" "Mozilla/5.0 (Windows NT 10.0; WOW64) AppleWebKit/537.36 (KHTML, like Gecko) Chrome/47.0.2526.106 Safari/537.36"
173.63.240.33 - - [22/Dec/2015:18:27:13 -0500] "GET /wp-content/plugins/easy-fancybox/fancybox/jquery.fancybox-1.3.7.min.js?ver=1.5.7 HTTP/1.1" 200 15701 "http://www.lcfas.org/" "Mozilla/5.0 (Windows NT 10.0; WOW64) AppleWebKit/537.36 (KHTML, like Gecko) Chrome/47.0.2526.106 Safari/537.36"
173.63.240.33 - - [22/Dec/2015:18:27:13 -0500] "GET /wp-content/plugins/easy-fancybox/jquery.easing.pack.js?ver=1.3 HTTP/1.1" 200 3649 "http://www.lcfas.org/" "Mozilla/5.0 (Windows NT 10.0; WOW64) AppleWebKit/537.36 (KHTML, like Gecko) Chrome/47.0.2526.106 Safari/537.36"
173.63.240.33 - - [22/Dec/2015:18:27:13 -0500] "GET /wp-content/plugins/easy-fancybox/jquery.mousewheel.min.js?ver=3.1.12 HTTP/1.1" 200 2777 "http://www.lcfas.org/" "Mozilla/5.0 (Windows NT 10.0; WOW64) AppleWebKit/537.36 (KHTML, like Gecko) Chrome/47.0.2526.106 Safari/537.36"
173.63.240.33 - - [22/Dec/2015:18:27:13 -0500] "GET /wp-content/uploads/2015/05/11351429_10204128796563494_2791362150821890097_n-1.jpg HTTP/1.1" 200 132756 "http://www.lcfas.org/wp-content/themes/lcfas/style.css?ver=1.0" "Mozilla/5.0 (Windows NT 10.0; WOW64) AppleWebKit/537.36 (KHTML, like Gecko) Chrome/47.0.2526.106 Safari/537.36"
173.63.240.33 - - [22/Dec/2015:18:27:13 -0500] "GET /wp-content/themes/lcfas/library/fonts/glyphicons-halflings-regular.woff HTTP/1.1" 200 18944 "http://www.lcfas.org/wp-content/themes/lcfas/library/css/bootstrap.css?ver=1.0" "Mozilla/5.0 (Windows NT 10.0; WOW64) AppleWebKit/537.36 (KHTML, like Gecko) Chrome/47.0.2526.106 Safari/537.36"
173.63.240.33 - - [22/Dec/2015:18:27:14 -0500] "GET /favicon.ico HTTP/1.1" 200 - "http://www.lcfas.org/" "Mozilla/5.0 (Windows NT 10.0; WOW64) AppleWebKit/537.36 (KHTML, like Gecko) Chrome/47.0.2526.106 Safari/537.36"
173.63.240.33 - - [22/Dec/2015:18:30:04 -0500] "GET / HTTP/1.1" 301 - "http://www.bernards.org/Departments_Services/Emergency_Services/default.aspx" "Mozilla/5.0 (Windows NT 10.0; WOW64) AppleWebKit/537.36 (KHTML, like Gecko) Chrome/47.0.2526.106 Safari/537.36"
173.63.240.33 - - [22/Dec/2015:18:30:05 -0500] "GET / HTTP/1.1" 200 13722 "http://www.bernards.org/Departments_Services/Emergency_Services/default.aspx" "Mozilla/5.0 (Windows NT 10.0; WOW64) AppleWebKit/537.36 (KHTML, like Gecko) Chrome/47.0.2526.106 Safari/537.36"
173.63.240.33 - - [22/Dec/2015:18:30:15 -0500] "GET /about-us/ HTTP/1.1" 200 17766 "http://www.lcfas.org/" "Mozilla/5.0 (Windows NT 10.0; WOW64) AppleWebKit/537.36 (KHTML, like Gecko) Chrome/47.0.2526.106 Safari/537.36"
173.63.240.33 - - [22/Dec/2015:18:30:16 -0500] "GET /wp-content/uploads/2014/05/photo-4-e1403210123914-300x225.jpg HTTP/1.1" 200 28133 "http://www.lcfas.org/about-us/" "Mozilla/5.0 (Windows NT 10.0; WOW64) AppleWebKit/537.36 (KHTML, like Gecko) Chrome/47.0.2526.106 Safari/537.36"
173.63.240.33 - - [22/Dec/2015:18:30:29 -0500] "GET /news/ HTTP/1.1" 200 25586 "http://www.lcfas.org/about-us/" "Mozilla/5.0 (Windows NT 10.0; WOW64) AppleWebKit/537.36 (KHTML, like Gecko) Chrome/47.0.2526.106 Safari/537.36"
173.63.240.33 - - [22/Dec/2015:18:30:29 -0500] "GET /wp-content/uploads/2015/05/11292723_10204129127371764_887938934_n.jpg HTTP/1.1" 200 128739 "http://www.lcfas.org/news/" "Mozilla/5.0 (Windows NT 10.0; WOW64) AppleWebKit/537.36 (KHTML, like Gecko) Chrome/47.0.2526.106 Safari/537.36"
173.63.240.33 - - [22/Dec/2015:18:30:29 -0500] "GET /wp-content/uploads/2015/01/IMG_2056-e1421878648301.jpg HTTP/1.1" 200 177333 "http://www.lcfas.org/news/" "Mozilla/5.0 (Windows NT 10.0; WOW64) AppleWebKit/537.36 (KHTML, like Gecko) Chrome/47.0.2526.106 Safari/537.36"
173.63.240.33 - - [22/Dec/2015:18:30:29 -0500] "GET /wp-content/uploads/2014/06/familyfun-1.jpg HTTP/1.1" 200 295707 "http://www.lcfas.org/news/" "Mozilla/5.0 (Windows NT 10.0; WOW64) AppleWebKit/537.36 (KHTML, like Gecko) Chrome/47.0.2526.106 Safari/537.36"
173.63.240.33 - - [22/Dec/2015:18:30:29 -0500] "GET /wp-content/uploads/2014/06/familyfun-2-150x150.jpg HTTP/1.1" 200 13285 "http://www.lcfas.org/news/" "Mozilla/5.0 (Windows NT 10.0; WOW64) AppleWebKit/537.36 (KHTML, like Gecko) Chrome/47.0.2526.106 Safari/537.36"
173.63.240.33 - - [22/Dec/2015:18:30:29 -0500] "GET /wp-content/uploads/2014/06/IMG_20140622_121216_689-e1403463530789-1024x987.jpg HTTP/1.1" 200 195772 "http://www.lcfas.org/news/" "Mozilla/5.0 (Windows NT 10.0; WOW64) AppleWebKit/537.36 (KHTML, like Gecko) Chrome/47.0.2526.106 Safari/537.36"
173.63.240.33 - - [22/Dec/2015:18:30:29 -0500] "GET /wp-content/uploads/2014/08/storkclub-e1403462465866-1024x768.jpg HTTP/1.1" 200 193340 "http://www.lcfas.org/news/" "Mozilla/5.0 (Windows NT 10.0; WOW64) AppleWebKit/537.36 (KHTML, like Gecko) Chrome/47.0.2526.106 Safari/537.36"
173.63.240.33 - - [22/Dec/2015:18:30:29 -0500] "GET /wp-content/uploads/2014/06/photo_5-150x150.jpg HTTP/1.1" 200 13118 "http://www.lcfas.org/news/" "Mozilla/5.0 (Windows NT 10.0; WOW64) AppleWebKit/537.36 (KHTML, like Gecko) Chrome/47.0.2526.106 Safari/537.36"
173.63.240.33 - - [22/Dec/2015:18:30:29 -0500] "GET /wp-content/uploads/2014/06/photo_2-1-150x150.jpg HTTP/1.1" 200 15986 "http://www.lcfas.org/news/" "Mozilla/5.0 (Windows NT 10.0; WOW64) AppleWebKit/537.36 (KHTML, like Gecko) Chrome/47.0.2526.106 Safari/537.36"
173.63.240.33 - - [22/Dec/2015:18:30:31 -0500] "GET /members/ HTTP/1.1" 200 15789 "http://www.lcfas.org/news/" "Mozilla/5.0 (Windows NT 10.0; WOW64) AppleWebKit/537.36 (KHTML, like Gecko) Chrome/47.0.2526.106 Safari/537.36"
66.249.75.51 - - [22/Dec/2015:18:40:57 -0500] "GET /wp-content/uploads/2014/06/Application-for-LCFAS-Membership-v1.2.pdf HTTP/1.1" 200 120323 "-" "Mozilla/5.0 (compatible; Googlebot/2.1; +http://www.google.com/bot.html)"
173.63.240.33 - - [22/Dec/2015:18:46:31 -0500] "GET / HTTP/1.1" 200 13722 "https://www.google.com/" "Mozilla/5.0 (Windows NT 10.0; WOW64) AppleWebKit/537.36 (KHTML, like Gecko) Chrome/47.0.2526.106 Safari/537.36"
173.63.240.33 - - [22/Dec/2015:18:46:37 -0500] "GET /contact/ HTTP/1.1" 200 13964 "http://www.lcfas.org/" "Mozilla/5.0 (Windows NT 10.0; WOW64) AppleWebKit/537.36 (KHTML, like Gecko) Chrome/47.0.2526.106 Safari/537.36"
174.44.29.207 - - [22/Dec/2015:18:54:38 -0500] "GET /wp-content/plugins/easy-fancybox/jquery.mousewheel.min.js?ver=3.1.12 HTTP/1.1" 200 2777 "http://www.lcfas.org/members/duty-schedule/" "Mozilla/5.0 (iPad; CPU OS 9_2 like Mac OS X) AppleWebKit/601.1.46 (KHTML, like Gecko) Version/9.0 Mobile/13C75 Safari/601.1"
174.44.29.207 - - [22/Dec/2015:18:54:38 -0500] "GET /wp-content/plugins/easy-fancybox/fancybox/jquery.fancybox-1.3.7.min.css?ver=1.5.7 HTTP/1.1" 200 4654 "http://www.lcfas.org/members/duty-schedule/" "Mozilla/5.0 (iPad; CPU OS 9_2 like Mac OS X) AppleWebKit/601.1.46 (KHTML, like Gecko) Version/9.0 Mobile/13C75 Safari/601.1"
174.44.29.207 - - [22/Dec/2015:18:54:38 -0500] "GET /wp-content/plugins/easy-fancybox/jquery.easing.pack.js?ver=1.3 HTTP/1.1" 200 3649 "http://www.lcfas.org/members/duty-schedule/" "Mozilla/5.0 (iPad; CPU OS 9_2 like Mac OS X) AppleWebKit/601.1.46 (KHTML, like Gecko) Version/9.0 Mobile/13C75 Safari/601.1"
174.44.29.207 - - [22/Dec/2015:18:54:38 -0500] "GET /wp-content/themes/lcfas/library/css/fullcalendar.print.css?ver=1.0 HTTP/1.1" 200 990 "http://www.lcfas.org/members/duty-schedule/" "Mozilla/5.0 (iPad; CPU OS 9_2 like Mac OS X) AppleWebKit/601.1.46 (KHTML, like Gecko) Version/9.0 Mobile/13C75 Safari/601.1"
174.44.29.207 - - [22/Dec/2015:18:54:41 -0500] "GET /wp-content/plugins/easy-fancybox/fancybox/fancybox.png HTTP/1.1" 200 15287 "http://www.lcfas.org/members/duty-schedule/" "Mozilla/5.0 (iPad; CPU OS 9_2 like Mac OS X) AppleWebKit/601.1.46 (KHTML, like Gecko) Version/9.0 Mobile/13C75 Safari/601.1"
174.44.29.207 - - [22/Dec/2015:18:54:41 -0500] "GET /wp-content/plugins/easy-fancybox/fancybox/fancybox-x.png HTTP/1.1" 200 203 "http://www.lcfas.org/members/duty-schedule/" "Mozilla/5.0 (iPad; CPU OS 9_2 like Mac OS X) AppleWebKit/601.1.46 (KHTML, like Gecko) Version/9.0 Mobile/13C75 Safari/601.1"
174.44.29.207 - - [22/Dec/2015:18:54:41 -0500] "GET /wp-content/plugins/easy-fancybox/fancybox/fancybox-y.png HTTP/1.1" 200 176 "http://www.lcfas.org/members/duty-schedule/" "Mozilla/5.0 (iPad; CPU OS 9_2 like Mac OS X) AppleWebKit/601.1.46 (KHTML, like Gecko) Version/9.0 Mobile/13C75 Safari/601.1"
174.44.29.207 - - [22/Dec/2015:18:54:57 -0500] "POST /members/duty-schedule/ HTTP/1.1" 302 - "http://www.lcfas.org/members/duty-schedule/" "Mozilla/5.0 (iPad; CPU OS 9_2 like Mac OS X) AppleWebKit/601.1.46 (KHTML, like Gecko) Version/9.0 Mobile/13C75 Safari/601.1"
174.44.29.207 - - [22/Dec/2015:18:54:57 -0500] "GET /members/duty-schedule/ HTTP/1.1" 200 17298 "http://www.lcfas.org/members/duty-schedule/" "Mozilla/5.0 (iPad; CPU OS 9_2 like Mac OS X) AppleWebKit/601.1.46 (KHTML, like Gecko) Version/9.0 Mobile/13C75 Safari/601.1"
174.44.29.207 - - [22/Dec/2015:18:54:58 -0500] "GET /wp-includes/css/dashicons.min.css?ver=4.4 HTTP/1.1" 200 46136 "http://www.lcfas.org/members/duty-schedule/" "Mozilla/5.0 (iPad; CPU OS 9_2 like Mac OS X) AppleWebKit/601.1.46 (KHTML, like Gecko) Version/9.0 Mobile/13C75 Safari/601.1"
46.148.22.18 - - [22/Dec/2015:19:19:00 -0500] "POST /xmlrpc.php HTTP/1.0" 200 65671 "http://lcfas.org/xmlrpc.php" "Mozilla/5.0 (Windows; U; Windows NT 5.1; en-US) AppleWebKit/532.0 (KHTML, like Gecko) Chrome/3.0.195.10 Safari/532.0"
208.113.153.211 - - [22/Dec/2015:19:30:08 -0500] "POST /wp-cron.php?doing_wp_cron=1450830608.4116249084472656250000 HTTP/1.1" 200 - "-" "WordPress/4.4; http://www.lcfas.org"
68.180.228.54 - - [22/Dec/2015:19:39:42 -0500] "GET /robots.txt HTTP/1.1" 200 67 "-" "Mozilla/5.0 (compatible; Yahoo! Slurp; http://help.yahoo.com/help/us/ysearch/slurp)"
68.180.228.54 - - [22/Dec/2015:19:39:43 -0500] "GET /volunteer/ HTTP/1.1" 200 21109 "-" "Mozilla/5.0 (compatible; Yahoo! Slurp; http://help.yahoo.com/help/us/ysearch/slurp)"
148.74.147.3 - - [22/Dec/2015:19:40:53 -0500] "GET /members/duty-schedule/ HTTP/1.1" 200 15924 "http://www.lcfas.org/members/duty-schedule/" "Mozilla/5.0 (X11; CrOS armv7l 7520.62.0) AppleWebKit/537.36 (KHTML, like Gecko) Chrome/47.0.2526.80 Safari/537.36"
148.74.147.3 - - [22/Dec/2015:19:40:54 -0500] "GET /wp-content/themes/lcfas/library/css/bootstrap.css?ver=1.0 HTTP/1.1" 200 141976 "http://www.lcfas.org/members/duty-schedule/" "Mozilla/5.0 (X11; CrOS armv7l 7520.62.0) AppleWebKit/537.36 (KHTML, like Gecko) Chrome/47.0.2526.80 Safari/537.36"
148.74.147.3 - - [22/Dec/2015:19:40:54 -0500] "GET /wp-content/themes/lcfas/library/css/jquery.dataTables.css?ver=1.0 HTTP/1.1" 200 15089 "http://www.lcfas.org/members/duty-schedule/" "Mozilla/5.0 (X11; CrOS armv7l 7520.62.0) AppleWebKit/537.36 (KHTML, like Gecko) Chrome/47.0.2526.80 Safari/537.36"
148.74.147.3 - - [22/Dec/2015:19:40:54 -0500] "GET /wp-content/themes/lcfas/library/css/fullcalendar.min.css?ver=1.0 HTTP/1.1" 200 10632 "http://www.lcfas.org/members/duty-schedule/" "Mozilla/5.0 (X11; CrOS armv7l 7520.62.0) AppleWebKit/537.36 (KHTML, like Gecko) Chrome/47.0.2526.80 Safari/537.36"
148.74.147.3 - - [22/Dec/2015:19:40:54 -0500] "GET /wp-content/themes/lcfas/style.css?ver=1.0 HTTP/1.1" 200 3470 "http://www.lcfas.org/members/duty-schedule/" "Mozilla/5.0 (X11; CrOS armv7l 7520.62.0) AppleWebKit/537.36 (KHTML, like Gecko) Chrome/47.0.2526.80 Safari/537.36"
148.74.147.3 - - [22/Dec/2015:19:40:54 -0500] "GET /wp-content/plugins/easy-fancybox/fancybox/jquery.fancybox-1.3.7.min.css?ver=1.5.7 HTTP/1.1" 200 4654 "http://www.lcfas.org/members/duty-schedule/" "Mozilla/5.0 (X11; CrOS armv7l 7520.62.0) AppleWebKit/537.36 (KHTML, like Gecko) Chrome/47.0.2526.80 Safari/537.36"
148.74.147.3 - - [22/Dec/2015:19:40:54 -0500] "GET /wp-content/plugins/wp-members/css/generic-no-float.css?ver=2.9.9.1 HTTP/1.1" 200 5310 "http://www.lcfas.org/members/duty-schedule/" "Mozilla/5.0 (X11; CrOS armv7l 7520.62.0) AppleWebKit/537.36 (KHTML, like Gecko) Chrome/47.0.2526.80 Safari/537.36"
148.74.147.3 - - [22/Dec/2015:19:40:54 -0500] "GET /wp-includes/js/jquery/jquery.js?ver=1.11.3 HTTP/1.1" 200 95977 "http://www.lcfas.org/members/duty-schedule/" "Mozilla/5.0 (X11; CrOS armv7l 7520.62.0) AppleWebKit/537.36 (KHTML, like Gecko) Chrome/47.0.2526.80 Safari/537.36"
148.74.147.3 - - [22/Dec/2015:19:40:54 -0500] "GET /wp-includes/js/jquery/jquery-migrate.min.js?ver=1.2.1 HTTP/1.1" 200 7200 "http://www.lcfas.org/members/duty-schedule/" "Mozilla/5.0 (X11; CrOS armv7l 7520.62.0) AppleWebKit/537.36 (KHTML, like Gecko) Chrome/47.0.2526.80 Safari/537.36"
148.74.147.3 - - [22/Dec/2015:19:40:54 -0500] "GET /wp-content/themes/lcfas/library/js/bootstrap.min.js?ver=1.2 HTTP/1.1" 200 27726 "http://www.lcfas.org/members/duty-schedule/" "Mozilla/5.0 (X11; CrOS armv7l 7520.62.0) AppleWebKit/537.36 (KHTML, like Gecko) Chrome/47.0.2526.80 Safari/537.36"
148.74.147.3 - - [22/Dec/2015:19:40:54 -0500] "GET /wp-content/themes/lcfas/library/js/libs/jquery.dataTables.min.js?ver=1.10.0 HTTP/1.1" 200 75919 "http://www.lcfas.org/members/duty-schedule/" "Mozilla/5.0 (X11; CrOS armv7l 7520.62.0) AppleWebKit/537.36 (KHTML, like Gecko) Chrome/47.0.2526.80 Safari/537.36"
148.74.147.3 - - [22/Dec/2015:19:40:54 -0500] "GET /wp-content/themes/lcfas/library/js/moment.min.js?ver=1.2 HTTP/1.1" 200 33783 "http://www.lcfas.org/members/duty-schedule/" "Mozilla/5.0 (X11; CrOS armv7l 7520.62.0) AppleWebKit/537.36 (KHTML, like Gecko) Chrome/47.0.2526.80 Safari/537.36"
148.74.147.3 - - [22/Dec/2015:19:40:54 -0500] "GET /wp-content/themes/lcfas/library/js/gcal.js?ver=1.2 HTTP/1.1" 200 6247 "http://www.lcfas.org/members/duty-schedule/" "Mozilla/5.0 (X11; CrOS armv7l 7520.62.0) AppleWebKit/537.36 (KHTML, like Gecko) Chrome/47.0.2526.80 Safari/537.36"
148.74.147.3 - - [22/Dec/2015:19:40:54 -0500] "GET /wp-content/themes/lcfas/library/js/fullcalendar.min.js?ver=1.2 HTTP/1.1" 200 84823 "http://www.lcfas.org/members/duty-schedule/" "Mozilla/5.0 (X11; CrOS armv7l 7520.62.0) AppleWebKit/537.36 (KHTML, like Gecko) Chrome/47.0.2526.80 Safari/537.36"
148.74.147.3 - - [22/Dec/2015:19:40:54 -0500] "GET /wp-content/themes/lcfas/library/js/scripts.js?ver=1.2 HTTP/1.1" 200 5426 "http://www.lcfas.org/members/duty-schedule/" "Mozilla/5.0 (X11; CrOS armv7l 7520.62.0) AppleWebKit/537.36 (KHTML, like Gecko) Chrome/47.0.2526.80 Safari/537.36"
148.74.147.3 - - [22/Dec/2015:19:40:54 -0500] "GET /wp-content/themes/lcfas/library/js/modernizr.full.min.js?ver=1.2 HTTP/1.1" 200 16819 "http://www.lcfas.org/members/duty-schedule/" "Mozilla/5.0 (X11; CrOS armv7l 7520.62.0) AppleWebKit/537.36 (KHTML, like Gecko) Chrome/47.0.2526.80 Safari/537.36"
148.74.147.3 - - [22/Dec/2015:19:40:54 -0500] "GET /wp-includes/js/wp-embed.min.js?ver=4.4 HTTP/1.1" 200 1518 "http://www.lcfas.org/members/duty-schedule/" "Mozilla/5.0 (X11; CrOS armv7l 7520.62.0) AppleWebKit/537.36 (KHTML, like Gecko) Chrome/47.0.2526.80 Safari/537.36"
148.74.147.3 - - [22/Dec/2015:19:40:54 -0500] "GET /wp-content/plugins/easy-fancybox/fancybox/jquery.fancybox-1.3.7.min.js?ver=1.5.7 HTTP/1.1" 200 15701 "http://www.lcfas.org/members/duty-schedule/" "Mozilla/5.0 (X11; CrOS armv7l 7520.62.0) AppleWebKit/537.36 (KHTML, like Gecko) Chrome/47.0.2526.80 Safari/537.36"
148.74.147.3 - - [22/Dec/2015:19:40:54 -0500] "GET /wp-content/plugins/easy-fancybox/jquery.easing.pack.js?ver=1.3 HTTP/1.1" 200 3649 "http://www.lcfas.org/members/duty-schedule/" "Mozilla/5.0 (X11; CrOS armv7l 7520.62.0) AppleWebKit/537.36 (KHTML, like Gecko) Chrome/47.0.2526.80 Safari/537.36"
148.74.147.3 - - [22/Dec/2015:19:40:54 -0500] "GET /wp-includes/js/wp-emoji-release.min.js?ver=4.4 HTTP/1.1" 200 17257 "http://www.lcfas.org/members/duty-schedule/" "Mozilla/5.0 (X11; CrOS armv7l 7520.62.0) AppleWebKit/537.36 (KHTML, like Gecko) Chrome/47.0.2526.80 Safari/537.36"
148.74.147.3 - - [22/Dec/2015:19:40:54 -0500] "GET /wp-content/plugins/easy-fancybox/jquery.mousewheel.min.js?ver=3.1.12 HTTP/1.1" 200 2777 "http://www.lcfas.org/members/duty-schedule/" "Mozilla/5.0 (X11; CrOS armv7l 7520.62.0) AppleWebKit/537.36 (KHTML, like Gecko) Chrome/47.0.2526.80 Safari/537.36"
148.74.147.3 - - [22/Dec/2015:19:40:54 -0500] "GET /wp-content/themes/lcfas/library/css/fullcalendar.print.css?ver=1.0 HTTP/1.1" 200 990 "http://www.lcfas.org/members/duty-schedule/" "Mozilla/5.0 (X11; CrOS armv7l 7520.62.0) AppleWebKit/537.36 (KHTML, like Gecko) Chrome/47.0.2526.80 Safari/537.36"
148.74.147.3 - - [22/Dec/2015:19:40:59 -0500] "GET /favicon.ico HTTP/1.1" 200 - "http://www.lcfas.org/members/duty-schedule/" "Mozilla/5.0 (X11; CrOS armv7l 7520.62.0) AppleWebKit/537.36 (KHTML, like Gecko) Chrome/47.0.2526.80 Safari/537.36"
68.180.228.54 - - [22/Dec/2015:19:41:00 -0500] "GET /?p=15 HTTP/1.1" 301 - "-" "Mozilla/5.0 (compatible; Yahoo! Slurp; http://help.yahoo.com/help/us/ysearch/slurp)"
148.74.147.3 - - [22/Dec/2015:19:41:01 -0500] "POST /members/duty-schedule/ HTTP/1.1" 302 - "http://www.lcfas.org/members/duty-schedule/" "Mozilla/5.0 (X11; CrOS armv7l 7520.62.0) AppleWebKit/537.36 (KHTML, like Gecko) Chrome/47.0.2526.80 Safari/537.36"
148.74.147.3 - - [22/Dec/2015:19:41:02 -0500] "GET /members/duty-schedule/ HTTP/1.1" 200 17249 "http://www.lcfas.org/members/duty-schedule/" "Mozilla/5.0 (X11; CrOS armv7l 7520.62.0) AppleWebKit/537.36 (KHTML, like Gecko) Chrome/47.0.2526.80 Safari/537.36"
148.74.147.3 - - [22/Dec/2015:19:41:02 -0500] "GET /wp-includes/css/dashicons.min.css?ver=4.4 HTTP/1.1" 200 46136 "http://www.lcfas.org/members/duty-schedule/" "Mozilla/5.0 (X11; CrOS armv7l 7520.62.0) AppleWebKit/537.36 (KHTML, like Gecko) Chrome/47.0.2526.80 Safari/537.36"
148.74.147.3 - - [22/Dec/2015:19:41:02 -0500] "GET /wp-includes/css/admin-bar.min.css?ver=4.4 HTTP/1.1" 200 20232 "http://www.lcfas.org/members/duty-schedule/" "Mozilla/5.0 (X11; CrOS armv7l 7520.62.0) AppleWebKit/537.36 (KHTML, like Gecko) Chrome/47.0.2526.80 Safari/537.36"
148.74.147.3 - - [22/Dec/2015:19:41:02 -0500] "GET /wp-content/plugins/wordpress-seo/css/adminbar.min.css?ver=2.3.2 HTTP/1.1" 200 543 "http://www.lcfas.org/members/duty-schedule/" "Mozilla/5.0 (X11; CrOS armv7l 7520.62.0) AppleWebKit/537.36 (KHTML, like Gecko) Chrome/47.0.2526.80 Safari/537.36"
148.74.147.3 - - [22/Dec/2015:19:41:03 -0500] "GET /wp-includes/js/admin-bar.min.js?ver=4.4 HTTP/1.1" 200 7190 "http://www.lcfas.org/members/duty-schedule/" "Mozilla/5.0 (X11; CrOS armv7l 7520.62.0) AppleWebKit/537.36 (KHTML, like Gecko) Chrome/47.0.2526.80 Safari/537.36"
66.249.83.216 - - [22/Dec/2015:19:55:53 -0500] "GET /favicon.ico HTTP/1.1" 200 - "-" "Mozilla/5.0 (Windows NT 6.1; rv:6.0) Gecko/20110814 Firefox/6.0 Google Favicon"
66.249.69.231 - - [22/Dec/2015:20:19:24 -0500] "GET /robots.txt HTTP/1.1" 200 67 "-" "Mozilla/5.0 (compatible; Googlebot/2.1; +http://www.google.com/bot.html)"
66.249.69.226 - - [22/Dec/2015:20:19:25 -0500] "GET / HTTP/1.1" 301 - "-" "Mozilla/5.0 (compatible; Googlebot/2.1; +http://www.google.com/bot.html)"
66.249.75.33 - - [22/Dec/2015:20:19:26 -0500] "GET /robots.txt HTTP/1.1" 200 67 "-" "Mozilla/5.0 (compatible; Googlebot/2.1; +http://www.google.com/bot.html)"
143.95.44.88 - - [22/Dec/2015:20:19:24 -0500] "POST /wp-cron.php?doing_wp_cron=1450833564.3612349033355712890625 HTTP/1.1" 200 - "-" "WordPress/4.4; http://www.lcfas.org"
66.249.75.51 - - [22/Dec/2015:20:19:27 -0500] "GET / HTTP/1.1" 200 13722 "-" "Mozilla/5.0 (compatible; Googlebot/2.1; +http://www.google.com/bot.html)"
180.76.15.148 - - [22/Dec/2015:21:02:29 -0500] "GET /wp-content/themes/lcfas/style.css?ver=1.0 HTTP/1.1" 200 3470 "-" "Mozilla/5.0 (compatible; Baiduspider/2.0; +http://www.baidu.com/search/spider.html)"
158.69.2.151 - - [22/Dec/2015:21:02:46 -0500] "GET / HTTP/1.1" 200 13722 "-" "Mozilla/5.0 (X11; Ubuntu; Linux x86_64; rv:24.0) Gecko/20100101 Firefox/24.0"
158.69.228.18 - - [22/Dec/2015:21:04:38 -0500] "GET / HTTP/1.1" 200 13722 "-" "Mozilla/5.0 (Windows NT 5.1) AppleWebKit/537.36 (KHTML, like Gecko) Chrome/31.0.1650.16 Safari/537.36"
85.10.210.199 - - [22/Dec/2015:22:15:33 -0500] "GET /wp-login.php HTTP/1.0" 200 2897 "http://lcfas.org/wp-admin" "Opera/9.80 (Android; Opera Mini/7.5.54678/28.2555; U; ru) Presto/2.10.289 Version/12.02"
85.10.210.199 - - [22/Dec/2015:22:15:34 -0500] "POST /wp-login.php HTTP/1.0" 200 3071 "-" "Opera/9.80 (Android; Opera Mini/7.5.54678/28.2555; U; ru) Presto/2.10.289 Version/12.02"
178.217.187.39 - - [22/Dec/2015:22:23:27 -0500] "GET /wp-login.php HTTP/1.0" 200 2897 "http://lcfas.org/wp-admin" "Opera/9.80 (iOS; Opera Mini/7.0.73345/28.2555; U; ru) Presto/2.10.229 Version/11.62"
178.217.187.39 - - [22/Dec/2015:22:23:28 -0500] "POST /wp-login.php HTTP/1.0" 200 3159 "-" "Opera/9.80 (iOS; Opera Mini/7.0.73345/28.2555; U; ru) Presto/2.10.229 Version/11.62"
174.44.29.193 - - [22/Dec/2015:22:57:42 -0500] "GET / HTTP/1.1" 200 13722 "https://www.google.com/" "Mozilla/5.0 (Windows NT 6.1; WOW64) AppleWebKit/537.36 (KHTML, like Gecko) Chrome/47.0.2526.106 Safari/537.36"
174.44.29.193 - - [22/Dec/2015:22:57:43 -0500] "GET /wp-content/themes/lcfas/library/css/bootstrap.css?ver=1.0 HTTP/1.1" 200 141976 "http://www.lcfas.org/" "Mozilla/5.0 (Windows NT 6.1; WOW64) AppleWebKit/537.36 (KHTML, like Gecko) Chrome/47.0.2526.106 Safari/537.36"
174.44.29.193 - - [22/Dec/2015:22:57:43 -0500] "GET /wp-content/themes/lcfas/library/css/jquery.dataTables.css?ver=1.0 HTTP/1.1" 200 15089 "http://www.lcfas.org/" "Mozilla/5.0 (Windows NT 6.1; WOW64) AppleWebKit/537.36 (KHTML, like Gecko) Chrome/47.0.2526.106 Safari/537.36"
174.44.29.193 - - [22/Dec/2015:22:57:43 -0500] "GET /wp-content/themes/lcfas/style.css?ver=1.0 HTTP/1.1" 200 3470 "http://www.lcfas.org/" "Mozilla/5.0 (Windows NT 6.1; WOW64) AppleWebKit/537.36 (KHTML, like Gecko) Chrome/47.0.2526.106 Safari/537.36"
174.44.29.193 - - [22/Dec/2015:22:57:43 -0500] "GET /wp-content/themes/lcfas/library/css/fullcalendar.min.css?ver=1.0 HTTP/1.1" 200 10632 "http://www.lcfas.org/" "Mozilla/5.0 (Windows NT 6.1; WOW64) AppleWebKit/537.36 (KHTML, like Gecko) Chrome/47.0.2526.106 Safari/537.36"
174.44.29.193 - - [22/Dec/2015:22:57:43 -0500] "GET /wp-content/plugins/wp-members/css/generic-no-float.css?ver=2.9.9.1 HTTP/1.1" 200 5310 "http://www.lcfas.org/" "Mozilla/5.0 (Windows NT 6.1; WOW64) AppleWebKit/537.36 (KHTML, like Gecko) Chrome/47.0.2526.106 Safari/537.36"
174.44.29.193 - - [22/Dec/2015:22:57:43 -0500] "GET /wp-content/plugins/easy-fancybox/fancybox/jquery.fancybox-1.3.7.min.css?ver=1.5.7 HTTP/1.1" 200 4654 "http://www.lcfas.org/" "Mozilla/5.0 (Windows NT 6.1; WOW64) AppleWebKit/537.36 (KHTML, like Gecko) Chrome/47.0.2526.106 Safari/537.36"
174.44.29.193 - - [22/Dec/2015:22:57:43 -0500] "GET /wp-includes/js/jquery/jquery.js?ver=1.11.3 HTTP/1.1" 200 95977 "http://www.lcfas.org/" "Mozilla/5.0 (Windows NT 6.1; WOW64) AppleWebKit/537.36 (KHTML, like Gecko) Chrome/47.0.2526.106 Safari/537.36"
174.44.29.193 - - [22/Dec/2015:22:57:43 -0500] "GET /wp-includes/js/jquery/jquery-migrate.min.js?ver=1.2.1 HTTP/1.1" 200 7200 "http://www.lcfas.org/" "Mozilla/5.0 (Windows NT 6.1; WOW64) AppleWebKit/537.36 (KHTML, like Gecko) Chrome/47.0.2526.106 Safari/537.36"
174.44.29.193 - - [22/Dec/2015:22:57:43 -0500] "GET /wp-content/themes/lcfas/library/js/moment.min.js?ver=1.2 HTTP/1.1" 200 33783 "http://www.lcfas.org/" "Mozilla/5.0 (Windows NT 6.1; WOW64) AppleWebKit/537.36 (KHTML, like Gecko) Chrome/47.0.2526.106 Safari/537.36"
174.44.29.193 - - [22/Dec/2015:22:57:43 -0500] "GET /wp-content/themes/lcfas/library/js/bootstrap.min.js?ver=1.2 HTTP/1.1" 200 27726 "http://www.lcfas.org/" "Mozilla/5.0 (Windows NT 6.1; WOW64) AppleWebKit/537.36 (KHTML, like Gecko) Chrome/47.0.2526.106 Safari/537.36"
174.44.29.193 - - [22/Dec/2015:22:57:43 -0500] "GET /wp-content/themes/lcfas/library/js/libs/jquery.dataTables.min.js?ver=1.10.0 HTTP/1.1" 200 75919 "http://www.lcfas.org/" "Mozilla/5.0 (Windows NT 6.1; WOW64) AppleWebKit/537.36 (KHTML, like Gecko) Chrome/47.0.2526.106 Safari/537.36"
174.44.29.193 - - [22/Dec/2015:22:57:43 -0500] "GET /wp-content/themes/lcfas/library/js/fullcalendar.min.js?ver=1.2 HTTP/1.1" 200 84823 "http://www.lcfas.org/" "Mozilla/5.0 (Windows NT 6.1; WOW64) AppleWebKit/537.36 (KHTML, like Gecko) Chrome/47.0.2526.106 Safari/537.36"
174.44.29.193 - - [22/Dec/2015:22:57:43 -0500] "GET /wp-content/themes/lcfas/library/js/gcal.js?ver=1.2 HTTP/1.1" 200 6247 "http://www.lcfas.org/" "Mozilla/5.0 (Windows NT 6.1; WOW64) AppleWebKit/537.36 (KHTML, like Gecko) Chrome/47.0.2526.106 Safari/537.36"
174.44.29.193 - - [22/Dec/2015:22:57:43 -0500] "GET /wp-content/themes/lcfas/library/js/scripts.js?ver=1.2 HTTP/1.1" 200 5426 "http://www.lcfas.org/" "Mozilla/5.0 (Windows NT 6.1; WOW64) AppleWebKit/537.36 (KHTML, like Gecko) Chrome/47.0.2526.106 Safari/537.36"
174.44.29.193 - - [22/Dec/2015:22:57:43 -0500] "GET /wp-content/themes/lcfas/library/js/modernizr.full.min.js?ver=1.2 HTTP/1.1" 200 16819 "http://www.lcfas.org/" "Mozilla/5.0 (Windows NT 6.1; WOW64) AppleWebKit/537.36 (KHTML, like Gecko) Chrome/47.0.2526.106 Safari/537.36"
174.44.29.193 - - [22/Dec/2015:22:57:43 -0500] "GET /wp-includes/js/wp-embed.min.js?ver=4.4 HTTP/1.1" 200 1518 "http://www.lcfas.org/" "Mozilla/5.0 (Windows NT 6.1; WOW64) AppleWebKit/537.36 (KHTML, like Gecko) Chrome/47.0.2526.106 Safari/537.36"
174.44.29.193 - - [22/Dec/2015:22:57:43 -0500] "GET /wp-content/plugins/easy-fancybox/fancybox/jquery.fancybox-1.3.7.min.js?ver=1.5.7 HTTP/1.1" 200 15701 "http://www.lcfas.org/" "Mozilla/5.0 (Windows NT 6.1; WOW64) AppleWebKit/537.36 (KHTML, like Gecko) Chrome/47.0.2526.106 Safari/537.36"
174.44.29.193 - - [22/Dec/2015:22:57:43 -0500] "GET /wp-content/plugins/easy-fancybox/jquery.easing.pack.js?ver=1.3 HTTP/1.1" 200 3649 "http://www.lcfas.org/" "Mozilla/5.0 (Windows NT 6.1; WOW64) AppleWebKit/537.36 (KHTML, like Gecko) Chrome/47.0.2526.106 Safari/537.36"
174.44.29.193 - - [22/Dec/2015:22:57:43 -0500] "GET /wp-content/plugins/easy-fancybox/jquery.mousewheel.min.js?ver=3.1.12 HTTP/1.1" 200 2777 "http://www.lcfas.org/" "Mozilla/5.0 (Windows NT 6.1; WOW64) AppleWebKit/537.36 (KHTML, like Gecko) Chrome/47.0.2526.106 Safari/537.36"
174.44.29.193 - - [22/Dec/2015:22:57:43 -0500] "GET /wp-includes/js/wp-emoji-release.min.js?ver=4.4 HTTP/1.1" 200 17257 "http://www.lcfas.org/" "Mozilla/5.0 (Windows NT 6.1; WOW64) AppleWebKit/537.36 (KHTML, like Gecko) Chrome/47.0.2526.106 Safari/537.36"
174.44.29.193 - - [22/Dec/2015:22:57:43 -0500] "GET /wp-content/themes/lcfas/library/css/fullcalendar.print.css?ver=1.0 HTTP/1.1" 200 990 "http://www.lcfas.org/" "Mozilla/5.0 (Windows NT 6.1; WOW64) AppleWebKit/537.36 (KHTML, like Gecko) Chrome/47.0.2526.106 Safari/537.36"
174.44.29.193 - - [22/Dec/2015:22:57:43 -0500] "GET /wp-content/themes/lcfas/library/fonts/glyphicons-halflings-regular.woff HTTP/1.1" 200 18944 "http://www.lcfas.org/wp-content/themes/lcfas/library/css/bootstrap.css?ver=1.0" "Mozilla/5.0 (Windows NT 6.1; WOW64) AppleWebKit/537.36 (KHTML, like Gecko) Chrome/47.0.2526.106 Safari/537.36"
174.44.29.193 - - [22/Dec/2015:22:57:43 -0500] "GET /wp-content/uploads/2015/05/11351429_10204128796563494_2791362150821890097_n-1.jpg HTTP/1.1" 200 132756 "http://www.lcfas.org/wp-content/themes/lcfas/style.css?ver=1.0" "Mozilla/5.0 (Windows NT 6.1; WOW64) AppleWebKit/537.36 (KHTML, like Gecko) Chrome/47.0.2526.106 Safari/537.36"
174.44.29.193 - - [22/Dec/2015:22:57:43 -0500] "GET /favicon.ico HTTP/1.1" 200 - "http://www.lcfas.org/" "Mozilla/5.0 (Windows NT 6.1; WOW64) AppleWebKit/537.36 (KHTML, like Gecko) Chrome/47.0.2526.106 Safari/537.36"
174.44.29.193 - - [22/Dec/2015:22:58:01 -0500] "GET /volunteer/ HTTP/1.1" 200 21109 "http://www.lcfas.org/" "Mozilla/5.0 (Windows NT 6.1; WOW64) AppleWebKit/537.36 (KHTML, like Gecko) Chrome/47.0.2526.106 Safari/537.36"
174.44.29.193 - - [22/Dec/2015:22:58:01 -0500] "GET /wp-content/uploads/2014/05/photo-3-e1420396841221-300x225.jpg HTTP/1.1" 200 23593 "http://www.lcfas.org/volunteer/" "Mozilla/5.0 (Windows NT 6.1; WOW64) AppleWebKit/537.36 (KHTML, like Gecko) Chrome/47.0.2526.106 Safari/537.36"
174.44.29.193 - - [22/Dec/2015:22:58:01 -0500] "GET /wp-content/uploads/2014/05/photo-1-e1403210502415-300x225.jpg HTTP/1.1" 200 25420 "http://www.lcfas.org/volunteer/" "Mozilla/5.0 (Windows NT 6.1; WOW64) AppleWebKit/537.36 (KHTML, like Gecko) Chrome/47.0.2526.106 Safari/537.36"
174.44.29.193 - - [22/Dec/2015:23:01:07 -0500] "GET /wp-content/uploads/2014/06/Application-for-LCFAS-Membership-v1.2.pdf HTTP/1.1" 200 120323 "http://www.lcfas.org/volunteer/" "Mozilla/5.0 (Windows NT 6.1; WOW64) AppleWebKit/537.36 (KHTML, like Gecko) Chrome/47.0.2526.106 Safari/537.36"
174.44.29.193 - - [22/Dec/2015:23:01:44 -0500] "GET /volunteer/ HTTP/1.1" 200 21109 "-" "Mozilla/5.0 (Windows NT 6.1; WOW64) AppleWebKit/537.36 (KHTML, like Gecko) Chrome/47.0.2526.106 Safari/537.36"
46.148.18.162 - - [22/Dec/2015:23:18:50 -0500] "POST /xmlrpc.php HTTP/1.0" 200 65671 "http://lcfas.org/xmlrpc.php" "Mozilla/5.0 (Windows; U; Windows NT 5.1; es-ES; rv:1.8.1.18) Gecko/20081031 SeaMonkey/1.1.13"
148.74.228.37 - - [22/Dec/2015:23:41:15 -0500] "GET / HTTP/1.1" 200 18632 "-" "Mozilla/5.0 (iPhone; CPU iPhone OS 9_2 like Mac OS X) AppleWebKit/601.1 (KHTML, like Gecko) CriOS/47.0.2526.107 Mobile/13C75 Safari/601.1.46"
148.74.228.37 - - [22/Dec/2015:23:41:23 -0500] "GET /members HTTP/1.1" 301 - "http://www.lcfas.org/" "Mozilla/5.0 (iPhone; CPU iPhone OS 9_2 like Mac OS X) AppleWebKit/601.1 (KHTML, like Gecko) CriOS/47.0.2526.107 Mobile/13C75 Safari/601.1.46"
148.74.228.37 - - [22/Dec/2015:23:41:23 -0500] "GET /members/ HTTP/1.1" 200 28497 "http://www.lcfas.org/" "Mozilla/5.0 (iPhone; CPU iPhone OS 9_2 like Mac OS X) AppleWebKit/601.1 (KHTML, like Gecko) CriOS/47.0.2526.107 Mobile/13C75 Safari/601.1.46"
148.74.228.37 - - [22/Dec/2015:23:41:24 -0500] "GET /wp-content/themes/lcfas/library/images/sort_both.png HTTP/1.1" 404 16962 "http://www.lcfas.org/members/" "Mozilla/5.0 (iPhone; CPU iPhone OS 9_2 like Mac OS X) AppleWebKit/601.1 (KHTML, like Gecko) CriOS/47.0.2526.107 Mobile/13C75 Safari/601.1.46"
208.113.153.211 - - [23/Dec/2015:00:30:34 -0500] "POST /wp-cron.php?doing_wp_cron=1450848633.7341439723968505859375 HTTP/1.1" 200 - "-" "WordPress/4.4; http://www.lcfas.org"
180.76.15.17 - - [23/Dec/2015:00:32:22 -0500] "GET / HTTP/1.1" 200 13722 "-" "Mozilla/5.0 (compatible; Baiduspider/2.0; +http://www.baidu.com/search/spider.html)"
208.113.153.211 - - [23/Dec/2015:01:00:43 -0500] "POST /wp-cron.php?doing_wp_cron=1450850443.2587049007415771484375 HTTP/1.1" 200 - "-" "WordPress/4.4; http://www.lcfas.org"
66.249.75.33 - - [23/Dec/2015:01:04:26 -0500] "GET /post-sitemap.xml HTTP/1.1" 200 3356 "-" "Mozilla/5.0 (compatible; Googlebot/2.1; +http://www.google.com/bot.html)"
136.243.5.215 - - [23/Dec/2015:01:48:07 -0500] "GET /robots.txt HTTP/1.1" 406 67 "-" "Mozilla/5.0 (compatible; MJ12bot/v1.4.5; http://www.majestic12.co.uk/bot.php?+)"
66.249.75.42 - - [23/Dec/2015:02:13:53 -0500] "GET /news/ HTTP/1.1" 200 25586 "-" "Mozilla/5.0 (compatible; Googlebot/2.1; +http://www.google.com/bot.html)"
66.249.75.51 - - [23/Dec/2015:02:18:56 -0500] "GET /stork-club/ HTTP/1.1" 200 15145 "-" "Mozilla/5.0 (compatible; Googlebot/2.1; +http://www.google.com/bot.html)"
66.249.75.42 - - [23/Dec/2015:02:22:43 -0500] "GET /family-fun-night/ HTTP/1.1" 200 14804 "-" "Mozilla/5.0 (compatible; Googlebot/2.1; +http://www.google.com/bot.html)"
94.23.195.218 - - [23/Dec/2015:02:50:04 -0500] "POST /xmlrpc.php HTTP/1.0" 404 12214 "-" "-"
143.95.44.88 - - [23/Dec/2015:02:50:04 -0500] "POST /wp-cron.php?doing_wp_cron=1450857004.9826049804687500000000 HTTP/1.1" 200 - "-" "WordPress/4.4; http://www.lcfas.org"
88.208.252.200 - - [23/Dec/2015:02:58:07 -0500] "POST /news//wp-admin/admin-ajax.php HTTP/1.1" 301 - "-" "libwww-perl/5.805"
88.208.252.200 - - [23/Dec/2015:02:58:07 -0500] "POST //wp-admin/admin-ajax.php HTTP/1.1" 301 - "-" "libwww-perl/5.805"
88.208.252.200 - - [23/Dec/2015:02:58:14 -0500] "POST /news//wp-admin/admin-ajax.php HTTP/1.1" 301 - "-" "libwww-perl/5.805"
88.208.252.200 - - [23/Dec/2015:02:58:14 -0500] "POST //wp-admin/admin-ajax.php HTTP/1.1" 301 - "-" "libwww-perl/5.805"
208.113.153.211 - - [23/Dec/2015:03:13:44 -0500] "POST /wp-cron.php?doing_wp_cron=1450858424.1350030899047851562500 HTTP/1.1" 200 - "-" "WordPress/4.4; http://www.lcfas.org"
207.46.13.69 - - [23/Dec/2015:05:05:10 -0500] "GET /robots.txt HTTP/1.1" 200 67 "-" "Mozilla/5.0 (compatible; bingbot/2.0; +http://www.bing.com/bingbot.htm)"
207.46.13.69 - - [23/Dec/2015:05:05:14 -0500] "GET / HTTP/1.1" 200 13722 "-" "Mozilla/5.0 (compatible; bingbot/2.0; +http://www.bing.com/bingbot.htm)"
42.156.139.70 - - [23/Dec/2015:05:08:52 -0500] "GET / HTTP/1.1" 200 13722 "-" "YisouSpider"
174.44.29.207 - - [23/Dec/2015:05:27:39 -0500] "POST /members/duty-schedule/ HTTP/1.1" 302 - "http://www.lcfas.org/members/duty-schedule/" "Mozilla/5.0 (iPad; CPU OS 9_2 like Mac OS X) AppleWebKit/601.1.46 (KHTML, like Gecko) Version/9.0 Mobile/13C75 Safari/601.1"
174.44.29.207 - - [23/Dec/2015:05:27:39 -0500] "GET /members/duty-schedule/ HTTP/1.1" 200 17298 "http://www.lcfas.org/members/duty-schedule/" "Mozilla/5.0 (iPad; CPU OS 9_2 like Mac OS X) AppleWebKit/601.1.46 (KHTML, like Gecko) Version/9.0 Mobile/13C75 Safari/601.1"
180.76.15.33 - - [23/Dec/2015:05:40:36 -0500] "GET /wp-includes/js/jquery/jquery.js HTTP/1.1" 200 95977 "-" "Mozilla/5.0 (compatible; Baiduspider/2.0; +http://www.baidu.com/search/spider.html)"
66.249.75.51 - - [23/Dec/2015:05:57:04 -0500] "GET /news/ HTTP/1.1" 200 25586 "-" "Mozilla/5.0 (compatible; Googlebot/2.1; +http://www.google.com/bot.html)"
208.113.153.211 - - [23/Dec/2015:07:33:14 -0500] "POST /wp-cron.php?doing_wp_cron=1450873994.1835269927978515625000 HTTP/1.1" 200 - "-" "WordPress/4.4; http://www.lcfas.org"
94.23.195.218 - - [23/Dec/2015:07:57:55 -0500] "POST /xmlrpc.php HTTP/1.0" 301 - "-" "-"
174.44.29.207 - - [23/Dec/2015:08:41:29 -0500] "GET /members/ HTTP/1.1" 200 15789 "-" "Mozilla/5.0 (iPad; CPU OS 9_2 like Mac OS X) AppleWebKit/601.1.46 (KHTML, like Gecko) Version/9.0 Mobile/13C75 Safari/601.1"
143.95.44.88 - - [23/Dec/2015:08:41:29 -0500] "POST /wp-cron.php?doing_wp_cron=1450878089.7527239322662353515625 HTTP/1.1" 200 - "-" "WordPress/4.4; http://www.lcfas.org"
174.44.29.207 - - [23/Dec/2015:08:41:32 -0500] "GET /apple-touch-icon-152x152-precomposed.png HTTP/1.1" 404 17004 "-" "Mozilla/5.0 (iPad; CPU OS 9_2 like Mac OS X) AppleWebKit/601.1.46 (KHTML, like Gecko) Version/9.0 Mobile/13C75 Safari/601.1"
174.44.29.207 - - [23/Dec/2015:08:41:32 -0500] "GET /apple-touch-icon-152x152.png HTTP/1.1" 404 17004 "-" "Mozilla/5.0 (iPad; CPU OS 9_2 like Mac OS X) AppleWebKit/601.1.46 (KHTML, like Gecko) Version/9.0 Mobile/13C75 Safari/601.1"
174.44.29.207 - - [23/Dec/2015:08:41:33 -0500] "GET /apple-touch-icon.png HTTP/1.1" 404 17004 "-" "Mozilla/5.0 (iPad; CPU OS 9_2 like Mac OS X) AppleWebKit/601.1.46 (KHTML, like Gecko) Version/9.0 Mobile/13C75 Safari/601.1"
174.44.29.207 - - [23/Dec/2015:08:41:33 -0500] "GET /apple-touch-icon.png HTTP/1.1" 404 17004 "-" "Mozilla/5.0 (iPad; CPU OS 9_2 like Mac OS X) AppleWebKit/601.1.46 (KHTML, like Gecko) Version/9.0 Mobile/13C75 Safari/601.1"
174.44.29.207 - - [23/Dec/2015:08:41:34 -0500] "GET /apple-touch-icon-precomposed.png HTTP/1.1" 404 17004 "-" "Mozilla/5.0 (iPad; CPU OS 9_2 like Mac OS X) AppleWebKit/601.1.46 (KHTML, like Gecko) Version/9.0 Mobile/13C75 Safari/601.1"
174.44.29.207 - - [23/Dec/2015:08:41:34 -0500] "GET /favicon.ico HTTP/1.1" 200 - "-" "Mozilla/5.0 (iPad; CPU OS 9_2 like Mac OS X) AppleWebKit/601.1.46 (KHTML, like Gecko) Version/9.0 Mobile/13C75 Safari/601.1"
148.74.147.3 - - [23/Dec/2015:09:18:15 -0500] "GET /members/duty-schedule/ HTTP/1.1" 200 17249 "http://www.lcfas.org/members/duty-schedule/" "Mozilla/5.0 (X11; CrOS armv7l 7520.62.0) AppleWebKit/537.36 (KHTML, like Gecko) Chrome/47.0.2526.80 Safari/537.36"
148.74.147.3 - - [23/Dec/2015:09:18:16 -0500] "GET /wp-includes/css/dashicons.min.css?ver=4.4 HTTP/1.1" 200 46136 "http://www.lcfas.org/members/duty-schedule/" "Mozilla/5.0 (X11; CrOS armv7l 7520.62.0) AppleWebKit/537.36 (KHTML, like Gecko) Chrome/47.0.2526.80 Safari/537.36"
148.74.147.3 - - [23/Dec/2015:09:18:16 -0500] "GET /wp-includes/css/admin-bar.min.css?ver=4.4 HTTP/1.1" 200 20232 "http://www.lcfas.org/members/duty-schedule/" "Mozilla/5.0 (X11; CrOS armv7l 7520.62.0) AppleWebKit/537.36 (KHTML, like Gecko) Chrome/47.0.2526.80 Safari/537.36"
148.74.147.3 - - [23/Dec/2015:09:18:16 -0500] "GET /wp-content/plugins/wordpress-seo/css/adminbar.min.css?ver=2.3.2 HTTP/1.1" 200 543 "http://www.lcfas.org/members/duty-schedule/" "Mozilla/5.0 (X11; CrOS armv7l 7520.62.0) AppleWebKit/537.36 (KHTML, like Gecko) Chrome/47.0.2526.80 Safari/537.36"
148.74.147.3 - - [23/Dec/2015:09:18:16 -0500] "GET /wp-content/themes/lcfas/library/css/jquery.dataTables.css?ver=1.0 HTTP/1.1" 200 15089 "http://www.lcfas.org/members/duty-schedule/" "Mozilla/5.0 (X11; CrOS armv7l 7520.62.0) AppleWebKit/537.36 (KHTML, like Gecko) Chrome/47.0.2526.80 Safari/537.36"
148.74.147.3 - - [23/Dec/2015:09:18:16 -0500] "GET /wp-content/themes/lcfas/library/css/bootstrap.css?ver=1.0 HTTP/1.1" 200 141976 "http://www.lcfas.org/members/duty-schedule/" "Mozilla/5.0 (X11; CrOS armv7l 7520.62.0) AppleWebKit/537.36 (KHTML, like Gecko) Chrome/47.0.2526.80 Safari/537.36"
148.74.147.3 - - [23/Dec/2015:09:18:16 -0500] "GET /wp-content/themes/lcfas/library/css/fullcalendar.min.css?ver=1.0 HTTP/1.1" 200 10632 "http://www.lcfas.org/members/duty-schedule/" "Mozilla/5.0 (X11; CrOS armv7l 7520.62.0) AppleWebKit/537.36 (KHTML, like Gecko) Chrome/47.0.2526.80 Safari/537.36"
148.74.147.3 - - [23/Dec/2015:09:18:16 -0500] "GET /wp-content/themes/lcfas/style.css?ver=1.0 HTTP/1.1" 200 3470 "http://www.lcfas.org/members/duty-schedule/" "Mozilla/5.0 (X11; CrOS armv7l 7520.62.0) AppleWebKit/537.36 (KHTML, like Gecko) Chrome/47.0.2526.80 Safari/537.36"
148.74.147.3 - - [23/Dec/2015:09:18:16 -0500] "GET /wp-content/plugins/easy-fancybox/fancybox/jquery.fancybox-1.3.7.min.css?ver=1.5.7 HTTP/1.1" 200 4654 "http://www.lcfas.org/members/duty-schedule/" "Mozilla/5.0 (X11; CrOS armv7l 7520.62.0) AppleWebKit/537.36 (KHTML, like Gecko) Chrome/47.0.2526.80 Safari/537.36"
148.74.147.3 - - [23/Dec/2015:09:18:16 -0500] "GET /wp-content/plugins/wp-members/css/generic-no-float.css?ver=2.9.9.1 HTTP/1.1" 200 5310 "http://www.lcfas.org/members/duty-schedule/" "Mozilla/5.0 (X11; CrOS armv7l 7520.62.0) AppleWebKit/537.36 (KHTML, like Gecko) Chrome/47.0.2526.80 Safari/537.36"
148.74.147.3 - - [23/Dec/2015:09:18:16 -0500] "GET /wp-includes/js/jquery/jquery.js?ver=1.11.3 HTTP/1.1" 200 95977 "http://www.lcfas.org/members/duty-schedule/" "Mozilla/5.0 (X11; CrOS armv7l 7520.62.0) AppleWebKit/537.36 (KHTML, like Gecko) Chrome/47.0.2526.80 Safari/537.36"
148.74.147.3 - - [23/Dec/2015:09:18:16 -0500] "GET /wp-includes/js/jquery/jquery-migrate.min.js?ver=1.2.1 HTTP/1.1" 200 7200 "http://www.lcfas.org/members/duty-schedule/" "Mozilla/5.0 (X11; CrOS armv7l 7520.62.0) AppleWebKit/537.36 (KHTML, like Gecko) Chrome/47.0.2526.80 Safari/537.36"
148.74.147.3 - - [23/Dec/2015:09:18:16 -0500] "GET /wp-content/themes/lcfas/library/js/bootstrap.min.js?ver=1.2 HTTP/1.1" 200 27726 "http://www.lcfas.org/members/duty-schedule/" "Mozilla/5.0 (X11; CrOS armv7l 7520.62.0) AppleWebKit/537.36 (KHTML, like Gecko) Chrome/47.0.2526.80 Safari/537.36"
148.74.147.3 - - [23/Dec/2015:09:18:16 -0500] "GET /wp-content/themes/lcfas/library/js/moment.min.js?ver=1.2 HTTP/1.1" 200 33783 "http://www.lcfas.org/members/duty-schedule/" "Mozilla/5.0 (X11; CrOS armv7l 7520.62.0) AppleWebKit/537.36 (KHTML, like Gecko) Chrome/47.0.2526.80 Safari/537.36"
148.74.147.3 - - [23/Dec/2015:09:18:16 -0500] "GET /wp-content/themes/lcfas/library/js/libs/jquery.dataTables.min.js?ver=1.10.0 HTTP/1.1" 200 75919 "http://www.lcfas.org/members/duty-schedule/" "Mozilla/5.0 (X11; CrOS armv7l 7520.62.0) AppleWebKit/537.36 (KHTML, like Gecko) Chrome/47.0.2526.80 Safari/537.36"
148.74.147.3 - - [23/Dec/2015:09:18:16 -0500] "GET /wp-content/themes/lcfas/library/js/fullcalendar.min.js?ver=1.2 HTTP/1.1" 200 84823 "http://www.lcfas.org/members/duty-schedule/" "Mozilla/5.0 (X11; CrOS armv7l 7520.62.0) AppleWebKit/537.36 (KHTML, like Gecko) Chrome/47.0.2526.80 Safari/537.36"
148.74.147.3 - - [23/Dec/2015:09:18:16 -0500] "GET /wp-content/themes/lcfas/library/js/gcal.js?ver=1.2 HTTP/1.1" 200 6247 "http://www.lcfas.org/members/duty-schedule/" "Mozilla/5.0 (X11; CrOS armv7l 7520.62.0) AppleWebKit/537.36 (KHTML, like Gecko) Chrome/47.0.2526.80 Safari/537.36"
148.74.147.3 - - [23/Dec/2015:09:18:16 -0500] "GET /wp-content/themes/lcfas/library/js/scripts.js?ver=1.2 HTTP/1.1" 200 5426 "http://www.lcfas.org/members/duty-schedule/" "Mozilla/5.0 (X11; CrOS armv7l 7520.62.0) AppleWebKit/537.36 (KHTML, like Gecko) Chrome/47.0.2526.80 Safari/537.36"
148.74.147.3 - - [23/Dec/2015:09:18:16 -0500] "GET /wp-includes/js/admin-bar.min.js?ver=4.4 HTTP/1.1" 200 7190 "http://www.lcfas.org/members/duty-schedule/" "Mozilla/5.0 (X11; CrOS armv7l 7520.62.0) AppleWebKit/537.36 (KHTML, like Gecko) Chrome/47.0.2526.80 Safari/537.36"
148.74.147.3 - - [23/Dec/2015:09:18:16 -0500] "GET /wp-content/themes/lcfas/library/js/modernizr.full.min.js?ver=1.2 HTTP/1.1" 200 16819 "http://www.lcfas.org/members/duty-schedule/" "Mozilla/5.0 (X11; CrOS armv7l 7520.62.0) AppleWebKit/537.36 (KHTML, like Gecko) Chrome/47.0.2526.80 Safari/537.36"
148.74.147.3 - - [23/Dec/2015:09:18:16 -0500] "GET /wp-includes/js/wp-embed.min.js?ver=4.4 HTTP/1.1" 200 1518 "http://www.lcfas.org/members/duty-schedule/" "Mozilla/5.0 (X11; CrOS armv7l 7520.62.0) AppleWebKit/537.36 (KHTML, like Gecko) Chrome/47.0.2526.80 Safari/537.36"
148.74.147.3 - - [23/Dec/2015:09:18:16 -0500] "GET /wp-content/plugins/easy-fancybox/fancybox/jquery.fancybox-1.3.7.min.js?ver=1.5.7 HTTP/1.1" 200 15701 "http://www.lcfas.org/members/duty-schedule/" "Mozilla/5.0 (X11; CrOS armv7l 7520.62.0) AppleWebKit/537.36 (KHTML, like Gecko) Chrome/47.0.2526.80 Safari/537.36"
148.74.147.3 - - [23/Dec/2015:09:18:16 -0500] "GET /wp-content/plugins/easy-fancybox/jquery.easing.pack.js?ver=1.3 HTTP/1.1" 200 3649 "http://www.lcfas.org/members/duty-schedule/" "Mozilla/5.0 (X11; CrOS armv7l 7520.62.0) AppleWebKit/537.36 (KHTML, like Gecko) Chrome/47.0.2526.80 Safari/537.36"
148.74.147.3 - - [23/Dec/2015:09:18:16 -0500] "GET /wp-content/plugins/easy-fancybox/jquery.mousewheel.min.js?ver=3.1.12 HTTP/1.1" 200 2777 "http://www.lcfas.org/members/duty-schedule/" "Mozilla/5.0 (X11; CrOS armv7l 7520.62.0) AppleWebKit/537.36 (KHTML, like Gecko) Chrome/47.0.2526.80 Safari/537.36"
148.74.147.3 - - [23/Dec/2015:09:18:17 -0500] "GET /wp-includes/js/wp-emoji-release.min.js?ver=4.4 HTTP/1.1" 200 17257 "http://www.lcfas.org/members/duty-schedule/" "Mozilla/5.0 (X11; CrOS armv7l 7520.62.0) AppleWebKit/537.36 (KHTML, like Gecko) Chrome/47.0.2526.80 Safari/537.36"
148.74.147.3 - - [23/Dec/2015:09:18:17 -0500] "GET /wp-content/themes/lcfas/library/css/fullcalendar.print.css?ver=1.0 HTTP/1.1" 200 990 "http://www.lcfas.org/members/duty-schedule/" "Mozilla/5.0 (X11; CrOS armv7l 7520.62.0) AppleWebKit/537.36 (KHTML, like Gecko) Chrome/47.0.2526.80 Safari/537.36"
148.74.147.3 - - [23/Dec/2015:09:18:21 -0500] "GET /favicon.ico HTTP/1.1" 200 - "http://www.lcfas.org/members/duty-schedule/" "Mozilla/5.0 (X11; CrOS armv7l 7520.62.0) AppleWebKit/537.36 (KHTML, like Gecko) Chrome/47.0.2526.80 Safari/537.36"
46.148.18.162 - - [23/Dec/2015:09:27:48 -0500] "POST /xmlrpc.php HTTP/1.0" 200 65671 "http://lcfas.org/xmlrpc.php" "Lynx/2.8.5dev.16 libwww-FM/2.14 SSL-MM/1.4.1 OpenSSL/0.9.7a"
180.76.15.160 - - [23/Dec/2015:09:38:01 -0500] "GET /news/lcfas-responds-acken-rd-fire/ HTTP/1.1" 301 - "-" "Mozilla/5.0 (compatible; Baiduspider/2.0; +http://www.baidu.com/search/spider.html)"
180.76.15.5 - - [23/Dec/2015:09:38:02 -0500] "GET /lcfas-responds-acken-rd-fire/ HTTP/1.1" 200 14670 "-" "Mozilla/5.0 (compatible; Baiduspider/2.0; +http://www.baidu.com/search/spider.html)"
207.46.13.69 - - [23/Dec/2015:09:56:57 -0500] "GET /robots.txt HTTP/1.1" 200 67 "-" "Mozilla/5.0 (compatible; bingbot/2.0; +http://www.bing.com/bingbot.htm)"
207.46.13.69 - - [23/Dec/2015:09:57:06 -0500] "GET / HTTP/1.1" 200 13722 "-" "Mozilla/5.0 (compatible; bingbot/2.0; +http://www.bing.com/bingbot.htm)"
207.46.13.69 - - [23/Dec/2015:09:57:35 -0500] "GET /wp-content/plugins/easy-fancybox/jquery.easing.pack.js?ver=1.3 HTTP/1.1" 200 3649 "-" "Mozilla/5.0 (compatible; bingbot/2.0; +http://www.bing.com/bingbot.htm)"
207.46.13.69 - - [23/Dec/2015:09:57:36 -0500] "GET /wp-content/plugins/wp-members/css/generic-no-float.css?ver=2.9.9.1 HTTP/1.1" 200 5310 "-" "Mozilla/5.0 (compatible; bingbot/2.0; +http://www.bing.com/bingbot.htm)"
207.46.13.115 - - [23/Dec/2015:10:01:24 -0500] "GET /robots.txt HTTP/1.1" 200 67 "-" "Mozilla/5.0 (compatible; bingbot/2.0; +http://www.bing.com/bingbot.htm)"
207.46.13.115 - - [23/Dec/2015:10:01:32 -0500] "GET /wp-content/themes/lcfas/library/css/fullcalendar.print.css?ver=1.0 HTTP/1.1" 200 990 "-" "Mozilla/5.0 (compatible; bingbot/2.0; +http://www.bing.com/bingbot.htm)"
207.46.13.115 - - [23/Dec/2015:10:01:32 -0500] "GET /wp-content/themes/lcfas/library/js/bootstrap.min.js?ver=1.2 HTTP/1.1" 200 27726 "-" "Mozilla/5.0 (compatible; bingbot/2.0; +http://www.bing.com/bingbot.htm)"
207.46.13.115 - - [23/Dec/2015:10:01:32 -0500] "GET /wp-content/themes/lcfas/library/js/libs/jquery.dataTables.min.js?ver=1.10.0 HTTP/1.1" 200 75919 "-" "Mozilla/5.0 (compatible; bingbot/2.0; +http://www.bing.com/bingbot.htm)"
207.46.13.115 - - [23/Dec/2015:10:01:32 -0500] "GET /wp-includes/js/jquery/jquery-migrate.min.js?ver=1.2.1 HTTP/1.1" 200 7200 "-" "Mozilla/5.0 (compatible; bingbot/2.0; +http://www.bing.com/bingbot.htm)"
207.46.13.115 - - [23/Dec/2015:10:01:32 -0500] "GET /wp-includes/js/wp-embed.min.js?ver=4.4 HTTP/1.1" 200 1518 "-" "Mozilla/5.0 (compatible; bingbot/2.0; +http://www.bing.com/bingbot.htm)"
207.46.13.0 - - [23/Dec/2015:10:02:35 -0500] "GET /wp-content/themes/lcfas/library/js/modernizr.full.min.js?ver=1.2 HTTP/1.1" 200 16819 "-" "Mozilla/5.0 (compatible; bingbot/2.0; +http://www.bing.com/bingbot.htm)"
207.46.13.0 - - [23/Dec/2015:10:02:35 -0500] "GET /wp-content/themes/lcfas/library/js/scripts.js?ver=1.2 HTTP/1.1" 200 5426 "-" "Mozilla/5.0 (compatible; bingbot/2.0; +http://www.bing.com/bingbot.htm)"
157.55.39.155 - - [23/Dec/2015:10:03:02 -0500] "GET /wp-content/plugins/easy-fancybox/fancybox/jquery.fancybox-1.3.7.min.css?ver=1.5.7 HTTP/1.1" 200 4654 "-" "Mozilla/5.0 (compatible; bingbot/2.0; +http://www.bing.com/bingbot.htm)"
157.55.39.155 - - [23/Dec/2015:10:03:02 -0500] "GET /wp-content/themes/lcfas/library/css/bootstrap.css?ver=1.0 HTTP/1.1" 200 141976 "-" "Mozilla/5.0 (compatible; bingbot/2.0; +http://www.bing.com/bingbot.htm)"
157.55.39.155 - - [23/Dec/2015:10:03:02 -0500] "GET /wp-content/themes/lcfas/library/css/fullcalendar.min.css?ver=1.0 HTTP/1.1" 200 10632 "-" "Mozilla/5.0 (compatible; bingbot/2.0; +http://www.bing.com/bingbot.htm)"
157.55.39.155 - - [23/Dec/2015:10:03:02 -0500] "GET /wp-content/themes/lcfas/library/js/moment.min.js?ver=1.2 HTTP/1.1" 200 33783 "-" "Mozilla/5.0 (compatible; bingbot/2.0; +http://www.bing.com/bingbot.htm)"
157.55.39.48 - - [23/Dec/2015:10:10:51 -0500] "GET /robots.txt HTTP/1.1" 200 67 "-" "Mozilla/5.0 (compatible; bingbot/2.0; +http://www.bing.com/bingbot.htm)"
157.55.39.48 - - [23/Dec/2015:10:11:15 -0500] "GET /wp-content/plugins/easy-fancybox/fancybox/jquery.fancybox-1.3.7.min.js?ver=1.5.7 HTTP/1.1" 200 15701 "-" "Mozilla/5.0 (compatible; bingbot/2.0; +http://www.bing.com/bingbot.htm)"
157.55.39.48 - - [23/Dec/2015:10:11:15 -0500] "GET /wp-content/themes/lcfas/library/css/jquery.dataTables.css?ver=1.0 HTTP/1.1" 200 15089 "-" "Mozilla/5.0 (compatible; bingbot/2.0; +http://www.bing.com/bingbot.htm)"
157.55.39.48 - - [23/Dec/2015:10:11:15 -0500] "GET /wp-content/themes/lcfas/library/js/fullcalendar.min.js?ver=1.2 HTTP/1.1" 200 84823 "-" "Mozilla/5.0 (compatible; bingbot/2.0; +http://www.bing.com/bingbot.htm)"
157.55.39.48 - - [23/Dec/2015:10:11:16 -0500] "GET /wp-content/themes/lcfas/library/js/gcal.js?ver=1.2 HTTP/1.1" 200 6247 "-" "Mozilla/5.0 (compatible; bingbot/2.0; +http://www.bing.com/bingbot.htm)"
157.55.39.48 - - [23/Dec/2015:10:11:16 -0500] "GET /wp-includes/js/jquery/jquery.js?ver=1.11.3 HTTP/1.1" 200 95977 "-" "Mozilla/5.0 (compatible; bingbot/2.0; +http://www.bing.com/bingbot.htm)"
157.55.39.48 - - [23/Dec/2015:10:11:18 -0500] "GET /wp-includes/js/wp-emoji-release.min.js?ver=4.4 HTTP/1.1" 200 17257 "-" "Mozilla/5.0 (compatible; bingbot/2.0; +http://www.bing.com/bingbot.htm)"
68.180.228.54 - - [23/Dec/2015:10:17:48 -0500] "GET /xmlrpc.php HTTP/1.0" 405 42 "-" "Mozilla/5.0 (compatible; Yahoo! Slurp; http://help.yahoo.com/help/us/ysearch/slurp)"
66.249.83.208 - - [23/Dec/2015:10:22:46 -0500] "GET /favicon.ico HTTP/1.1" 200 - "-" "Mozilla/5.0 (Windows NT 6.1; rv:6.0) Gecko/20110814 Firefox/6.0 Google Favicon"
208.113.153.211 - - [23/Dec/2015:10:30:52 -0500] "POST /wp-cron.php?doing_wp_cron=1450884652.4030830860137939453125 HTTP/1.1" 200 - "-" "WordPress/4.4; http://www.lcfas.org"
104.238.83.242 - - [23/Dec/2015:10:58:11 -0500] "POST /xmlrpc.php HTTP/1.0" 404 12214 "-" "-"
